Using pre-set license
Built from '6000.0/staging' branch; Version is '6000.0.58f1 (44b8bf3a3225) revision 4503743'; Using compiler version '193933523'; Build Type 'Release'
OS: 'Windows 10  (10.0.19045) 64bit Core' Language: 'en' Physical Memory: 32645 MB
BatchMode: 1, IsHumanControllingUs: 0, StartBugReporterOnCrash: 0, Is64bit: 1
Date: 2025-10-20T03:55:05Z

COMMAND LINE ARGUMENTS:
D:\Unity\6000.0.58f1\Editor\Unity.exe
-adb2
-batchMode
-noUpm
-name
AssetImportWorker2
-projectPath
C:/Users/PokeM/OneDrive/Documents/GitHub/CS4555-3D-Project/Rollaball
-logFile
Logs/AssetImportWorker2.log
-srvPort
55884
-job-worker-count
5
-background-job-worker-count
8
-gc-helper-count
1
-name
AssetImport
Successfully changed project path to: C:/Users/PokeM/OneDrive/Documents/GitHub/CS4555-3D-Project/Rollaball
C:/Users/PokeM/OneDrive/Documents/GitHub/CS4555-3D-Project/Rollaball
[UnityMemory] Configuration Parameters - Can be set up in boot.config
    "memorysetup-bucket-allocator-granularity=16"
    "memorysetup-bucket-allocator-bucket-count=8"
    "memorysetup-bucket-allocator-block-size=33554432"
    "memorysetup-bucket-allocator-block-count=8"
    "memorysetup-main-allocator-block-size=16777216"
    "memorysetup-thread-allocator-block-size=16777216"
    "memorysetup-gfx-main-allocator-block-size=16777216"
    "memorysetup-gfx-thread-allocator-block-size=16777216"
    "memorysetup-cache-allocator-block-size=4194304"
    "memorysetup-typetree-allocator-block-size=2097152"
    "memorysetup-profiler-bucket-allocator-granularity=16"
    "memorysetup-profiler-bucket-allocator-bucket-count=8"
    "memorysetup-profiler-bucket-allocator-block-size=33554432"
    "memorysetup-profiler-bucket-allocator-block-count=8"
    "memorysetup-profiler-allocator-block-size=16777216"
    "memorysetup-profiler-editor-allocator-block-size=1048576"
    "memorysetup-temp-allocator-size-main=16777216"
    "memorysetup-job-temp-allocator-block-size=2097152"
    "memorysetup-job-temp-allocator-block-size-background=1048576"
    "memorysetup-job-temp-allocator-reduction-small-platforms=262144"
    "memorysetup-allocator-temp-initial-block-size-main=262144"
    "memorysetup-allocator-temp-initial-block-size-worker=262144"
    "memorysetup-temp-allocator-size-background-worker=32768"
    "memorysetup-temp-allocator-size-job-worker=262144"
    "memorysetup-temp-allocator-size-preload-manager=33554432"
    "memorysetup-temp-allocator-size-nav-mesh-worker=65536"
    "memorysetup-temp-allocator-size-audio-worker=65536"
    "memorysetup-temp-allocator-size-cloud-worker=32768"
    "memorysetup-temp-allocator-size-gi-baking-worker=262144"
    "memorysetup-temp-allocator-size-gi-baking-worker=262144"
    "memorysetup-temp-allocator-size-gi-baking-worker=262144"
    "memorysetup-temp-allocator-size-gi-baking-worker=262144"
    "memorysetup-temp-allocator-size-gi-baking-worker=262144"
    "memorysetup-temp-allocator-size-gfx=262144"
Player connection [18996]  Target information:

Player connection [18996]  * "[IP] 192.168.1.83 [Port] 0 [Flags] 2 [Guid] 1714100744 [EditorId] 1714100744 [Version] 1048832 [Id] WindowsEditor(7,Hiyokurenri) [Debug] 1 [PackageName] WindowsEditor [ProjectName] Editor" 

Player connection [18996]  * "[IP] 172.17.112.1 [Port] 0 [Flags] 2 [Guid] 1714100744 [EditorId] 1714100744 [Version] 1048832 [Id] WindowsEditor(7,Hiyokurenri) [Debug] 1 [PackageName] WindowsEditor [ProjectName] Editor" 

Player connection [18996] Host joined multi-casting on [225.0.0.222:54997]...
Player connection [18996] Host joined alternative multi-casting on [225.0.0.222:34997]...
JobSystem: Creating JobQueue using job-worker-count value 5
Input System module state changed to: Initialized.
[Physics::Module] Initialized fallback backend.
[Physics::Module] Id: 0xdecafbad
Library Redirect Path: Library/
[Physics::Module] Selected backend.
[Physics::Module] Name: PhysX
[Physics::Module] Id: 0xf2b8ea05
[Physics::Module] SDK Version: 4.1.2
[Physics::Module] Integration Version: 1.0.0
[Physics::Module] Threading Mode: Multi-Threaded
Refreshing native plugins compatible for Editor in 11.14 ms, found 8 plugins.
Preloading 0 native plugins for Editor in 0.00 ms.
Initialize engine version: 6000.0.58f1 (44b8bf3a3225)
[Subsystems] Discovering subsystems at path D:/Unity/6000.0.58f1/Editor/Data/Resources/UnitySubsystems
[Subsystems] Discovering subsystems at path C:/Users/PokeM/OneDrive/Documents/GitHub/CS4555-3D-Project/Rollaball/Assets
GfxDevice: creating device client; kGfxThreadingModeNonThreaded
Direct3D:
    Version:  Direct3D 11.0 [level 11.1]
    Renderer: NVIDIA GeForce RTX 2080 (ID=0x1e82)
    Vendor:   NVIDIA
    VRAM:     7989 MB
    Driver:   32.0.15.7697
Initialize mono
Mono path[0] = 'D:/Unity/6000.0.58f1/Editor/Data/Managed'
Mono path[1] = 'D:/Unity/6000.0.58f1/Editor/Data/MonoBleedingEdge/lib/mono/unityjit-win32'
Mono config path = 'D:/Unity/6000.0.58f1/Editor/Data/MonoBleedingEdge/etc'
Using monoOptions --debugger-agent=transport=dt_socket,embedding=1,server=y,suspend=n,address=127.0.0.1:56768
Begin MonoManager ReloadAssembly
Registering precompiled unity dll's ...
Register platform support module: D:/Unity/6000.0.58f1/Editor/Data/PlaybackEngines/WebGLSupport/UnityEditor.WebGL.Extensions.dll
Register platform support module: D:/Unity/6000.0.58f1/Editor/Data/PlaybackEngines/WindowsStandaloneSupport/UnityEditor.WindowsStandalone.Extensions.dll
Registered in 0.007945 seconds.
- Loaded All Assemblies, in  0.794 seconds
Native extension for WindowsStandalone target not found
Native extension for WebGL target not found
Mono: successfully reloaded assembly
- Finished resetting the current domain, in  0.780 seconds
Domain Reload Profiling: 1574ms
	BeginReloadAssembly (284ms)
		ExecutionOrderSort (0ms)
		DisableScriptedObjects (0ms)
		BackupInstance (0ms)
		ReleaseScriptingObjects (0ms)
		CreateAndSetChildDomain (1ms)
	RebuildCommonClasses (76ms)
	RebuildNativeTypeToScriptingClass (26ms)
	initialDomainReloadingComplete (82ms)
	LoadAllAssembliesAndSetupDomain (326ms)
		LoadAssemblies (284ms)
		RebuildTransferFunctionScriptingTraits (0ms)
		AnalyzeDomain (320ms)
			TypeCache.Refresh (318ms)
				TypeCache.ScanAssembly (292ms)
			BuildScriptInfoCaches (0ms)
			ResolveRequiredComponents (1ms)
	FinalizeReload (781ms)
		ReleaseScriptCaches (0ms)
		RebuildScriptCaches (0ms)
		SetupLoadedEditorAssemblies (664ms)
			LogAssemblyErrors (0ms)
			InitializePlatformSupportModulesInManaged (42ms)
			SetLoadedEditorAssemblies (8ms)
			BeforeProcessingInitializeOnLoad (123ms)
			ProcessInitializeOnLoadAttributes (379ms)
			ProcessInitializeOnLoadMethodAttributes (112ms)
			AfterProcessingInitializeOnLoad (0ms)
			EditorAssembliesLoaded (0ms)
		ExecutionOrderSort2 (0ms)
		AwakeInstancesAfterBackupRestoration (0ms)
========================================================================
Worker process is ready to serve import requests
Import Worker Mode flag is 0x00
Begin MonoManager ReloadAssembly
- Loaded All Assemblies, in  1.958 seconds
Refreshing native plugins compatible for Editor in 8.46 ms, found 8 plugins.
Native extension for WindowsStandalone target not found
Native extension for WebGL target not found
Package Manager log level set to [2]
[Package Manager] Failed to launch server process. Reason: Unity was launched with the -noUpm command-line argument
[Package Manager] Unable to send message (not connected to server process).
[Package Manager] Cannot connect to Unity Package Manager local server
Mono: successfully reloaded assembly
- Finished resetting the current domain, in  3.395 seconds
Domain Reload Profiling: 5347ms
	BeginReloadAssembly (433ms)
		ExecutionOrderSort (0ms)
		DisableScriptedObjects (12ms)
		BackupInstance (0ms)
		ReleaseScriptingObjects (0ms)
		CreateAndSetChildDomain (64ms)
	RebuildCommonClasses (77ms)
	RebuildNativeTypeToScriptingClass (23ms)
	initialDomainReloadingComplete (58ms)
	LoadAllAssembliesAndSetupDomain (1359ms)
		LoadAssemblies (877ms)
		RebuildTransferFunctionScriptingTraits (0ms)
		AnalyzeDomain (751ms)
			TypeCache.Refresh (549ms)
				TypeCache.ScanAssembly (514ms)
			BuildScriptInfoCaches (168ms)
			ResolveRequiredComponents (25ms)
	FinalizeReload (3396ms)
		ReleaseScriptCaches (0ms)
		RebuildScriptCaches (0ms)
		SetupLoadedEditorAssemblies (2390ms)
			LogAssemblyErrors (0ms)
			InitializePlatformSupportModulesInManaged (6ms)
			SetLoadedEditorAssemblies (16ms)
			BeforeProcessingInitializeOnLoad (707ms)
			ProcessInitializeOnLoadAttributes (1532ms)
			ProcessInitializeOnLoadMethodAttributes (124ms)
			AfterProcessingInitializeOnLoad (4ms)
			EditorAssembliesLoaded (0ms)
		ExecutionOrderSort2 (0ms)
		AwakeInstancesAfterBackupRestoration (17ms)
WARNING: Shader Unsupported: 'Hidden/Builtin_TerrainVisualization' - All subshaders removed
WARNING: Shader Did you use #pragma only_renderers and omit this platform?
WARNING: Shader If subshaders removal was intentional, you may have forgotten turning Fallback off?
WARNING: Shader Unsupported: 'Hidden/Builtin_TerrainVisualization' - All subshaders removed
WARNING: Shader Did you use #pragma only_renderers and omit this platform?
WARNING: Shader If subshaders removal was intentional, you may have forgotten turning Fallback off?
Launched and connected shader compiler UnityShaderCompiler.exe after 0.04 seconds
Refreshing native plugins compatible for Editor in 9.28 ms, found 8 plugins.
Preloading 0 native plugins for Editor in 0.00 ms.
Unloading 37 Unused Serialized files (Serialized files now loaded: 0)
Unloading 7362 unused Assets / (4.7 MB). Loaded Objects now: 8136.
Memory consumption went from 167.8 MB to 163.1 MB.
Total: 81.689200 ms (FindLiveObjects: 1.392500 ms CreateObjectMapping: 2.099800 ms MarkObjects: 69.669800 ms  DeleteObjects: 8.525200 ms)

========================================================================
Received Import Request.
  Time since last request: 245402.739533 seconds.
  path: Assets/VFX/NamuFX/_SharedAssets/Images/Noise/noise11.png
  artifactKey: Guid(cb0eab1177b89364a8bb33e97596ca64) Importer(815301076,1909f56bfc062723c751e8b465ee728b)
Start importing Assets/VFX/NamuFX/_SharedAssets/Images/Noise/noise11.png using Guid(cb0eab1177b89364a8bb33e97596ca64) Importer(815301076,1909f56bfc062723c751e8b465ee728b) (PreviewImporter) -> (artifact id: '70647d0ba7707f570a6eeb641d083afe') in 0.5922312 seconds
Number of updated asset objects reloaded before import = 0Number of asset objects unloaded after import = 2

========================================================================
Received Import Request.
  Time since last request: 0.000045 seconds.
  path: Assets/Kenenny Models/KennyUIEle/Double/Transparent border/panel-transparent-border-017.png
  artifactKey: Guid(07aeb9154b2052c4e95930a00ffaad84) Importer(815301076,1909f56bfc062723c751e8b465ee728b)
Start importing Assets/Kenenny Models/KennyUIEle/Double/Transparent border/panel-transparent-border-017.png using Guid(07aeb9154b2052c4e95930a00ffaad84) Importer(815301076,1909f56bfc062723c751e8b465ee728b) (PreviewImporter) -> (artifact id: 'cf81eccad94b62218698534c8331231b') in 0.119379 seconds
Number of updated asset objects reloaded before import = 0Number of asset objects unloaded after import = 2

========================================================================
Received Import Request.
  Time since last request: 0.000036 seconds.
  path: Assets/TextureHaven/rock_4k/rock_4k_textures/rock_04/rock_04_bump_4k.png
  artifactKey: Guid(c573312ede2fae64da06200a73f5c246) Importer(815301076,1909f56bfc062723c751e8b465ee728b)
Start importing Assets/TextureHaven/rock_4k/rock_4k_textures/rock_04/rock_04_bump_4k.png using Guid(c573312ede2fae64da06200a73f5c246) Importer(815301076,1909f56bfc062723c751e8b465ee728b) (PreviewImporter) -> (artifact id: '169ca8a3b77a72c7af8da6759efe3327') in 0.2211456 seconds
Number of updated asset objects reloaded before import = 0Number of asset objects unloaded after import = 2

========================================================================
Received Import Request.
  Time since last request: 0.000047 seconds.
  path: Assets/Kenenny Models/KennyUIEle/Double/Transparent border/panel-transparent-border-031.png
  artifactKey: Guid(084d9b01273ecf54abad787ef16ddbed) Importer(815301076,1909f56bfc062723c751e8b465ee728b)
Start importing Assets/Kenenny Models/KennyUIEle/Double/Transparent border/panel-transparent-border-031.png using Guid(084d9b01273ecf54abad787ef16ddbed) Importer(815301076,1909f56bfc062723c751e8b465ee728b) (PreviewImporter) -> (artifact id: 'b84dcd4e2b12c459ab0d365df9add528') in 0.0176918 seconds
Number of updated asset objects reloaded before import = 0Number of asset objects unloaded after import = 2

========================================================================
Received Import Request.
  Time since last request: 0.000026 seconds.
  path: Assets/TextureHaven/rock_4k/rock_4k_textures/rock_05/rock_05_ao_4k.png
  artifactKey: Guid(a455541930e79e748b96a9e33311afb8) Importer(815301076,1909f56bfc062723c751e8b465ee728b)
Start importing Assets/TextureHaven/rock_4k/rock_4k_textures/rock_05/rock_05_ao_4k.png using Guid(a455541930e79e748b96a9e33311afb8) Importer(815301076,1909f56bfc062723c751e8b465ee728b) (PreviewImporter) -> (artifact id: '8383650c324908215583e80537ee417a') in 0.0676289 seconds
Number of updated asset objects reloaded before import = 0Number of asset objects unloaded after import = 2

========================================================================
Received Import Request.
  Time since last request: 0.000040 seconds.
  path: Assets/Kenenny Models/KennyUIEle/Double/Transparent center/panel-transparent-center-011.png
  artifactKey: Guid(ceecfceaaabdf0848872ad41b54e3f85) Importer(815301076,1909f56bfc062723c751e8b465ee728b)
Start importing Assets/Kenenny Models/KennyUIEle/Double/Transparent center/panel-transparent-center-011.png using Guid(ceecfceaaabdf0848872ad41b54e3f85) Importer(815301076,1909f56bfc062723c751e8b465ee728b) (PreviewImporter) -> (artifact id: 'de55678aaed30e6196ecbf6e38073a2f') in 0.0190126 seconds
Number of updated asset objects reloaded before import = 0Number of asset objects unloaded after import = 2

========================================================================
Received Import Request.
  Time since last request: 0.000023 seconds.
  path: Assets/TextureHaven/rock_4k/rock_4k_textures/castle_wall_slates/castle_wall_slates_ao_4k.png
  artifactKey: Guid(4a8d1830a2ab6c34685bada17cdd7a53) Importer(815301076,1909f56bfc062723c751e8b465ee728b)
Start importing Assets/TextureHaven/rock_4k/rock_4k_textures/castle_wall_slates/castle_wall_slates_ao_4k.png using Guid(4a8d1830a2ab6c34685bada17cdd7a53) Importer(815301076,1909f56bfc062723c751e8b465ee728b) (PreviewImporter) -> (artifact id: '232869f658a333b0980d9f3c788c6e19') in 0.059857 seconds
Number of updated asset objects reloaded before import = 0Number of asset objects unloaded after import = 2

========================================================================
Received Import Request.
  Time since last request: 0.000044 seconds.
  path: Assets/Kenenny Models/KennyUIEle/Double/Panel/panel-023.png
  artifactKey: Guid(1eb18a5bd14bb974f96fe70e0994a888) Importer(815301076,1909f56bfc062723c751e8b465ee728b)
Start importing Assets/Kenenny Models/KennyUIEle/Double/Panel/panel-023.png using Guid(1eb18a5bd14bb974f96fe70e0994a888) Importer(815301076,1909f56bfc062723c751e8b465ee728b) (PreviewImporter) -> (artifact id: '01fbf0e011c3e33e8e0071287e4dd9ee') in 0.031351 seconds
Number of updated asset objects reloaded before import = 0Number of asset objects unloaded after import = 2

========================================================================
Received Import Request.
  Time since last request: 0.000027 seconds.
  path: Assets/Kenenny Models/KennyUIEle/Double/Panel/panel-006.png
  artifactKey: Guid(e6d3ef5c99b762b439663d64cf504e8f) Importer(815301076,1909f56bfc062723c751e8b465ee728b)
Start importing Assets/Kenenny Models/KennyUIEle/Double/Panel/panel-006.png using Guid(e6d3ef5c99b762b439663d64cf504e8f) Importer(815301076,1909f56bfc062723c751e8b465ee728b) (PreviewImporter) -> (artifact id: '2a2b00073fc5d7f9271bbe70bc5f31c7') in 0.0255559 seconds
Number of updated asset objects reloaded before import = 0Number of asset objects unloaded after import = 2

========================================================================
Received Import Request.
  Time since last request: 0.000037 seconds.
  path: Assets/FBX format/Textures/colormap.png
  artifactKey: Guid(576394463cb0a0640934333a803e9880) Importer(815301076,1909f56bfc062723c751e8b465ee728b)
Start importing Assets/FBX format/Textures/colormap.png using Guid(576394463cb0a0640934333a803e9880) Importer(815301076,1909f56bfc062723c751e8b465ee728b) (PreviewImporter) -> (artifact id: 'ff4ead57a881957d26c1d34438786818') in 0.0904028 seconds
Number of updated asset objects reloaded before import = 0Number of asset objects unloaded after import = 2

========================================================================
Received Import Request.
  Time since last request: 0.000024 seconds.
  path: Assets/TextureHaven/rock_4k/rock_4k_textures/rock_3/rock_3_nor_4k.png
  artifactKey: Guid(8979d33b6e524b643b9bece368fc2120) Importer(815301076,1909f56bfc062723c751e8b465ee728b)
Start importing Assets/TextureHaven/rock_4k/rock_4k_textures/rock_3/rock_3_nor_4k.png using Guid(8979d33b6e524b643b9bece368fc2120) Importer(815301076,1909f56bfc062723c751e8b465ee728b) (PreviewImporter) -> (artifact id: 'ea64cfbb1068f4bef52033c55d42bcfd') in 0.3068113 seconds
Number of updated asset objects reloaded before import = 0Number of asset objects unloaded after import = 2

========================================================================
Received Import Request.
  Time since last request: 0.000052 seconds.
  path: Assets/VFX/NamuFX/StylizedWaterEffects/Textures/Mask_Distortion.tga
  artifactKey: Guid(5837d5496b727d04985b92a98fa621b7) Importer(815301076,1909f56bfc062723c751e8b465ee728b)
Start importing Assets/VFX/NamuFX/StylizedWaterEffects/Textures/Mask_Distortion.tga using Guid(5837d5496b727d04985b92a98fa621b7) Importer(815301076,1909f56bfc062723c751e8b465ee728b) (PreviewImporter) -> (artifact id: '0b713b91b5c864158dcdcafe826af8fe') in 0.0763896 seconds
Number of updated asset objects reloaded before import = 0Number of asset objects unloaded after import = 2

========================================================================
Received Import Request.
  Time since last request: 0.000029 seconds.
  path: Assets/Kenenny Models/KennyUIEle/Double/Transparent center/panel-transparent-center-003.png
  artifactKey: Guid(6fdc622aec311de40907a06762173298) Importer(815301076,1909f56bfc062723c751e8b465ee728b)
Start importing Assets/Kenenny Models/KennyUIEle/Double/Transparent center/panel-transparent-center-003.png using Guid(6fdc622aec311de40907a06762173298) Importer(815301076,1909f56bfc062723c751e8b465ee728b) (PreviewImporter) -> (artifact id: '2d3e238c32cc489dab77422b58f9be99') in 0.0323293 seconds
Number of updated asset objects reloaded before import = 0Number of asset objects unloaded after import = 2

========================================================================
Received Import Request.
  Time since last request: 0.000040 seconds.
  path: Assets/Kenenny Models/KennyUIEle/Double/Transparent border/panel-transparent-border-020.png
  artifactKey: Guid(ad11e57cc4b9d5843a8e746c9b42daec) Importer(815301076,1909f56bfc062723c751e8b465ee728b)
Start importing Assets/Kenenny Models/KennyUIEle/Double/Transparent border/panel-transparent-border-020.png using Guid(ad11e57cc4b9d5843a8e746c9b42daec) Importer(815301076,1909f56bfc062723c751e8b465ee728b) (PreviewImporter) -> (artifact id: 'afa81ba40bd3bd9c842339b71ce2664f') in 0.0262238 seconds
Number of updated asset objects reloaded before import = 0Number of asset objects unloaded after import = 2

========================================================================
Received Import Request.
  Time since last request: 0.000027 seconds.
  path: Assets/Kenenny Models/KennyUIEle/Double/Transparent center/panel-transparent-center-010.png
  artifactKey: Guid(e0325913b2999604a97e9f3e08ba0ce5) Importer(815301076,1909f56bfc062723c751e8b465ee728b)
Start importing Assets/Kenenny Models/KennyUIEle/Double/Transparent center/panel-transparent-center-010.png using Guid(e0325913b2999604a97e9f3e08ba0ce5) Importer(815301076,1909f56bfc062723c751e8b465ee728b) (PreviewImporter) -> (artifact id: '55f2a17bb45103f43fc2c7ff38a431db') in 0.0660574 seconds
Number of updated asset objects reloaded before import = 0Number of asset objects unloaded after import = 2

========================================================================
Received Import Request.
  Time since last request: 0.000039 seconds.
  path: Assets/Kenenny Models/KennyUIEle/Double/Transparent border/panel-transparent-border-026.png
  artifactKey: Guid(e4529df5ea7e38842a0f4f0c606f0b71) Importer(815301076,1909f56bfc062723c751e8b465ee728b)
Start importing Assets/Kenenny Models/KennyUIEle/Double/Transparent border/panel-transparent-border-026.png using Guid(e4529df5ea7e38842a0f4f0c606f0b71) Importer(815301076,1909f56bfc062723c751e8b465ee728b) (PreviewImporter) -> (artifact id: '8c8cb8bfad3bf03bd660ae7a11ab9ea6') in 0.0285836 seconds
Number of updated asset objects reloaded before import = 0Number of asset objects unloaded after import = 2

========================================================================
Received Import Request.
  Time since last request: 0.000028 seconds.
  path: Assets/TextureHaven/rock_4k/rock_4k_textures/rock_2/rock_2_nor_4k.png
  artifactKey: Guid(5d1a7933c29f1a04489d4926c7c58291) Importer(815301076,1909f56bfc062723c751e8b465ee728b)
Start importing Assets/TextureHaven/rock_4k/rock_4k_textures/rock_2/rock_2_nor_4k.png using Guid(5d1a7933c29f1a04489d4926c7c58291) Importer(815301076,1909f56bfc062723c751e8b465ee728b) (PreviewImporter) -> (artifact id: 'b737ef1f2326561edc829af96bb4dab7') in 0.056695 seconds
Number of updated asset objects reloaded before import = 0Number of asset objects unloaded after import = 2

========================================================================
Received Import Request.
  Time since last request: 0.000044 seconds.
  path: Assets/MODULAR CASTLE ASSETS/Textures/color_tex.png
  artifactKey: Guid(12df94d86e7a79b488a9624787a85afb) Importer(815301076,1909f56bfc062723c751e8b465ee728b)
Start importing Assets/MODULAR CASTLE ASSETS/Textures/color_tex.png using Guid(12df94d86e7a79b488a9624787a85afb) Importer(815301076,1909f56bfc062723c751e8b465ee728b) (PreviewImporter) -> (artifact id: 'c27783d6de3ed5a91e04eb048dbb75b3') in 0.0355056 seconds
Number of updated asset objects reloaded before import = 0Number of asset objects unloaded after import = 2

========================================================================
Received Import Request.
  Time since last request: 0.000031 seconds.
  path: Assets/TextureHaven/rock_4k/rock_4k_textures/rock_01/rock_01_diff_4k.png
  artifactKey: Guid(3660d293461689848a7ea2f79f4b4d41) Importer(815301076,1909f56bfc062723c751e8b465ee728b)
Start importing Assets/TextureHaven/rock_4k/rock_4k_textures/rock_01/rock_01_diff_4k.png using Guid(3660d293461689848a7ea2f79f4b4d41) Importer(815301076,1909f56bfc062723c751e8b465ee728b) (PreviewImporter) -> (artifact id: 'c0c4c83203a1c5e1cf78ec8a66c86fc7') in 0.0525207 seconds
Number of updated asset objects reloaded before import = 0Number of asset objects unloaded after import = 2

========================================================================
Received Import Request.
  Time since last request: 0.000032 seconds.
  path: Assets/TextureHaven/rock_4k/rock_4k_textures/rock_05/rock_05_diff_4k.png
  artifactKey: Guid(28b7c0132caa1bc43bf582e29f31f3a1) Importer(815301076,1909f56bfc062723c751e8b465ee728b)
Start importing Assets/TextureHaven/rock_4k/rock_4k_textures/rock_05/rock_05_diff_4k.png using Guid(28b7c0132caa1bc43bf582e29f31f3a1) Importer(815301076,1909f56bfc062723c751e8b465ee728b) (PreviewImporter) -> (artifact id: '2b000f98e062b5fcdd973d2b3c2b1dfc') in 0.0480694 seconds
Number of updated asset objects reloaded before import = 0Number of asset objects unloaded after import = 2

========================================================================
Received Import Request.
  Time since last request: 0.000050 seconds.
  path: Assets/Kenenny Models/KennyUIEle/Double/Transparent center/panel-transparent-center-008.png
  artifactKey: Guid(64d90f76224c09d4daf733fe225f81ea) Importer(815301076,1909f56bfc062723c751e8b465ee728b)
Start importing Assets/Kenenny Models/KennyUIEle/Double/Transparent center/panel-transparent-center-008.png using Guid(64d90f76224c09d4daf733fe225f81ea) Importer(815301076,1909f56bfc062723c751e8b465ee728b) (PreviewImporter) -> (artifact id: 'f556f073d09b6f790ea4338398957c08') in 0.0207275 seconds
Number of updated asset objects reloaded before import = 0Number of asset objects unloaded after import = 2

Editor requested this worker to shutdown with reason: Scaling down because of idle timeout
AssetImportWorker is now disconnected from the server
Process exiting
Exiting without the bug reporter. Application will terminate with return code 0