Using pre-set license
Built from '6000.0/staging' branch; Version is '6000.0.58f1 (44b8bf3a3225) revision 4503743'; Using compiler version '193933523'; Build Type 'Release'
OS: 'Windows 10  (10.0.19045) 64bit Core' Language: 'en' Physical Memory: 32645 MB
BatchMode: 1, IsHumanControllingUs: 0, StartBugReporterOnCrash: 0, Is64bit: 1
Date: 2025-10-02T22:53:38Z

COMMAND LINE ARGUMENTS:
D:\Unity\6000.0.58f1\Editor\Unity.exe
-adb2
-batchMode
-noUpm
-name
AssetImportWorker14
-projectPath
C:/Users/PokeM/OneDrive/Documents/GitHub/CS4555-3D-Project/Rollaball
-logFile
Logs/AssetImportWorker14.log
-srvPort
63849
-job-worker-count
5
-background-job-worker-count
8
-gc-helper-count
1
-name
AssetImport
Successfully changed project path to: C:/Users/PokeM/OneDrive/Documents/GitHub/CS4555-3D-Project/Rollaball
C:/Users/PokeM/OneDrive/Documents/GitHub/CS4555-3D-Project/Rollaball
[UnityMemory] Configuration Parameters - Can be set up in boot.config
    "memorysetup-bucket-allocator-granularity=16"
    "memorysetup-bucket-allocator-bucket-count=8"
    "memorysetup-bucket-allocator-block-size=33554432"
    "memorysetup-bucket-allocator-block-count=8"
    "memorysetup-main-allocator-block-size=16777216"
    "memorysetup-thread-allocator-block-size=16777216"
    "memorysetup-gfx-main-allocator-block-size=16777216"
    "memorysetup-gfx-thread-allocator-block-size=16777216"
    "memorysetup-cache-allocator-block-size=4194304"
    "memorysetup-typetree-allocator-block-size=2097152"
    "memorysetup-profiler-bucket-allocator-granularity=16"
    "memorysetup-profiler-bucket-allocator-bucket-count=8"
    "memorysetup-profiler-bucket-allocator-block-size=33554432"
    "memorysetup-profiler-bucket-allocator-block-count=8"
    "memorysetup-profiler-allocator-block-size=16777216"
    "memorysetup-profiler-editor-allocator-block-size=1048576"
    "memorysetup-temp-allocator-size-main=16777216"
    "memorysetup-job-temp-allocator-block-size=2097152"
    "memorysetup-job-temp-allocator-block-size-background=1048576"
    "memorysetup-job-temp-allocator-reduction-small-platforms=262144"
    "memorysetup-allocator-temp-initial-block-size-main=262144"
    "memorysetup-allocator-temp-initial-block-size-worker=262144"
    "memorysetup-temp-allocator-size-background-worker=32768"
    "memorysetup-temp-allocator-size-job-worker=262144"
    "memorysetup-temp-allocator-size-preload-manager=33554432"
    "memorysetup-temp-allocator-size-nav-mesh-worker=65536"
    "memorysetup-temp-allocator-size-audio-worker=65536"
    "memorysetup-temp-allocator-size-cloud-worker=32768"
    "memorysetup-temp-allocator-size-gi-baking-worker=262144"
    "memorysetup-temp-allocator-size-gi-baking-worker=262144"
    "memorysetup-temp-allocator-size-gi-baking-worker=262144"
    "memorysetup-temp-allocator-size-gi-baking-worker=262144"
    "memorysetup-temp-allocator-size-gi-baking-worker=262144"
    "memorysetup-temp-allocator-size-gfx=262144"
Player connection [19592]  Target information:

Player connection [19592]  * "[IP] 192.168.1.83 [Port] 0 [Flags] 2 [Guid] 1733340423 [EditorId] 1733340423 [Version] 1048832 [Id] WindowsEditor(7,Hiyokurenri) [Debug] 1 [PackageName] WindowsEditor [ProjectName] Editor" 

Player connection [19592] Host joined multi-casting on [225.0.0.222:54997]...
Player connection [19592] Host joined alternative multi-casting on [225.0.0.222:34997]...
JobSystem: Creating JobQueue using job-worker-count value 5
Input System module state changed to: Initialized.
[Physics::Module] Initialized fallback backend.
[Physics::Module] Id: 0xdecafbad
Library Redirect Path: Library/
[Physics::Module] Selected backend.
[Physics::Module] Name: PhysX
[Physics::Module] Id: 0xf2b8ea05
[Physics::Module] SDK Version: 4.1.2
[Physics::Module] Integration Version: 1.0.0
[Physics::Module] Threading Mode: Multi-Threaded
Refreshing native plugins compatible for Editor in 7.33 ms, found 7 plugins.
Preloading 0 native plugins for Editor in 0.00 ms.
Initialize engine version: 6000.0.58f1 (44b8bf3a3225)
[Subsystems] Discovering subsystems at path D:/Unity/6000.0.58f1/Editor/Data/Resources/UnitySubsystems
[Subsystems] Discovering subsystems at path C:/Users/PokeM/OneDrive/Documents/GitHub/CS4555-3D-Project/Rollaball/Assets
GfxDevice: creating device client; kGfxThreadingModeNonThreaded
Direct3D:
    Version:  Direct3D 11.0 [level 11.1]
    Renderer: NVIDIA GeForce RTX 2080 (ID=0x1e82)
    Vendor:   NVIDIA
    VRAM:     7989 MB
    Driver:   32.0.15.7697
Initialize mono
Mono path[0] = 'D:/Unity/6000.0.58f1/Editor/Data/Managed'
Mono path[1] = 'D:/Unity/6000.0.58f1/Editor/Data/MonoBleedingEdge/lib/mono/unityjit-win32'
Mono config path = 'D:/Unity/6000.0.58f1/Editor/Data/MonoBleedingEdge/etc'
Using monoOptions --debugger-agent=transport=dt_socket,embedding=1,server=y,suspend=n,address=127.0.0.1:56572
Begin MonoManager ReloadAssembly
Registering precompiled unity dll's ...
Register platform support module: D:/Unity/6000.0.58f1/Editor/Data/PlaybackEngines/WebGLSupport/UnityEditor.WebGL.Extensions.dll
Register platform support module: D:/Unity/6000.0.58f1/Editor/Data/PlaybackEngines/WindowsStandaloneSupport/UnityEditor.WindowsStandalone.Extensions.dll
Registered in 0.008464 seconds.
- Loaded All Assemblies, in  0.886 seconds
Native extension for WindowsStandalone target not found
Native extension for WebGL target not found
Mono: successfully reloaded assembly
- Finished resetting the current domain, in  0.712 seconds
Domain Reload Profiling: 1599ms
	BeginReloadAssembly (301ms)
		ExecutionOrderSort (0ms)
		DisableScriptedObjects (0ms)
		BackupInstance (0ms)
		ReleaseScriptingObjects (0ms)
		CreateAndSetChildDomain (1ms)
	RebuildCommonClasses (90ms)
	RebuildNativeTypeToScriptingClass (29ms)
	initialDomainReloadingComplete (93ms)
	LoadAllAssembliesAndSetupDomain (372ms)
		LoadAssemblies (301ms)
		RebuildTransferFunctionScriptingTraits (0ms)
		AnalyzeDomain (365ms)
			TypeCache.Refresh (363ms)
				TypeCache.ScanAssembly (336ms)
			BuildScriptInfoCaches (0ms)
			ResolveRequiredComponents (1ms)
	FinalizeReload (714ms)
		ReleaseScriptCaches (0ms)
		RebuildScriptCaches (0ms)
		SetupLoadedEditorAssemblies (606ms)
			LogAssemblyErrors (0ms)
			InitializePlatformSupportModulesInManaged (41ms)
			SetLoadedEditorAssemblies (10ms)
			BeforeProcessingInitializeOnLoad (139ms)
			ProcessInitializeOnLoadAttributes (294ms)
			ProcessInitializeOnLoadMethodAttributes (121ms)
			AfterProcessingInitializeOnLoad (0ms)
			EditorAssembliesLoaded (0ms)
		ExecutionOrderSort2 (0ms)
		AwakeInstancesAfterBackupRestoration (0ms)
========================================================================
Worker process is ready to serve import requests
Import Worker Mode flag is 0x00
Begin MonoManager ReloadAssembly
- Loaded All Assemblies, in  1.981 seconds
Refreshing native plugins compatible for Editor in 5.55 ms, found 7 plugins.
Native extension for WindowsStandalone target not found
Native extension for WebGL target not found
Package Manager log level set to [2]
[Package Manager] Failed to launch server process. Reason: Unity was launched with the -noUpm command-line argument
[Package Manager] Unable to send message (not connected to server process).
[Package Manager] Cannot connect to Unity Package Manager local server
Mono: successfully reloaded assembly
- Finished resetting the current domain, in  2.115 seconds
Domain Reload Profiling: 4087ms
	BeginReloadAssembly (396ms)
		ExecutionOrderSort (0ms)
		DisableScriptedObjects (14ms)
		BackupInstance (0ms)
		ReleaseScriptingObjects (0ms)
		CreateAndSetChildDomain (53ms)
	RebuildCommonClasses (80ms)
	RebuildNativeTypeToScriptingClass (26ms)
	initialDomainReloadingComplete (79ms)
	LoadAllAssembliesAndSetupDomain (1391ms)
		LoadAssemblies (872ms)
		RebuildTransferFunctionScriptingTraits (0ms)
		AnalyzeDomain (763ms)
			TypeCache.Refresh (591ms)
				TypeCache.ScanAssembly (547ms)
			BuildScriptInfoCaches (143ms)
			ResolveRequiredComponents (22ms)
	FinalizeReload (2115ms)
		ReleaseScriptCaches (0ms)
		RebuildScriptCaches (0ms)
		SetupLoadedEditorAssemblies (1687ms)
			LogAssemblyErrors (0ms)
			InitializePlatformSupportModulesInManaged (5ms)
			SetLoadedEditorAssemblies (11ms)
			BeforeProcessingInitializeOnLoad (283ms)
			ProcessInitializeOnLoadAttributes (1226ms)
			ProcessInitializeOnLoadMethodAttributes (156ms)
			AfterProcessingInitializeOnLoad (7ms)
			EditorAssembliesLoaded (0ms)
		ExecutionOrderSort2 (0ms)
		AwakeInstancesAfterBackupRestoration (21ms)
Launched and connected shader compiler UnityShaderCompiler.exe after 0.06 seconds
Refreshing native plugins compatible for Editor in 58.80 ms, found 7 plugins.
Preloading 0 native plugins for Editor in 0.00 ms.
Unloading 25 Unused Serialized files (Serialized files now loaded: 0)
Unloading 6507 unused Assets / (4.0 MB). Loaded Objects now: 7224.
Memory consumption went from 139.3 MB to 135.3 MB.
Total: 30.878700 ms (FindLiveObjects: 1.669700 ms CreateObjectMapping: 8.366200 ms MarkObjects: 12.759100 ms  DeleteObjects: 8.079700 ms)

========================================================================
Received Import Request.
  Time since last request: 185599.298943 seconds.
  path: Assets/TextureHaven/rock_4k/rock_4k_textures/castle_wall_varriation/castle_wall_varriation_rough_4k.png
  artifactKey: Guid(0c3e634c5dedf89408cb368c505fb521) Importer(815301076,1909f56bfc062723c751e8b465ee728b)
Start importing Assets/TextureHaven/rock_4k/rock_4k_textures/castle_wall_varriation/castle_wall_varriation_rough_4k.png using Guid(0c3e634c5dedf89408cb368c505fb521) Importer(815301076,1909f56bfc062723c751e8b465ee728b) (PreviewImporter) -> (artifact id: '162e1476c7624f2da7586043ca4e7139') in 0.632652 seconds
Number of updated asset objects reloaded before import = 0Number of asset objects unloaded after import = 2

========================================================================
Received Import Request.
  Time since last request: 0.000026 seconds.
  path: Assets/TextMesh Pro/Shaders/TMPro_Properties.cginc
  artifactKey: Guid(3997e2241185407d80309a82f9148466) Importer(815301076,1909f56bfc062723c751e8b465ee728b)
Start importing Assets/TextMesh Pro/Shaders/TMPro_Properties.cginc using Guid(3997e2241185407d80309a82f9148466) Importer(815301076,1909f56bfc062723c751e8b465ee728b) (PreviewImporter) -> (artifact id: '5053a2692d632293f0a9e4f2a7314751') in 0.0024007 seconds
Number of updated asset objects reloaded before import = 0Number of asset objects unloaded after import = 1

========================================================================
Received Import Request.
  Time since last request: 0.000034 seconds.
  path: Assets/TextureHaven/rock_4k/rock_4k_materials/rock_08.mat
  artifactKey: Guid(4e77562e49595584e941ba0bf98871c6) Importer(815301076,1909f56bfc062723c751e8b465ee728b)
Start importing Assets/TextureHaven/rock_4k/rock_4k_materials/rock_08.mat using Guid(4e77562e49595584e941ba0bf98871c6) Importer(815301076,1909f56bfc062723c751e8b465ee728b) (PreviewImporter) -> (artifact id: '2aca19ee272f67ec2d09441cb61876ac') in 1.4314917 seconds
Number of updated asset objects reloaded before import = 0Number of asset objects unloaded after import = 6

========================================================================
Received Import Request.
  Time since last request: 130.243637 seconds.
  path: Assets/TextureHaven/rock_4k/rock_4k_textures/castle_wall_varriation/castle_wall_varriation_diff_4k.png
  artifactKey: Guid(a1678148bc9db624f84ab5bafcd9efb8) Importer(815301076,1909f56bfc062723c751e8b465ee728b)
Start importing Assets/TextureHaven/rock_4k/rock_4k_textures/castle_wall_varriation/castle_wall_varriation_diff_4k.png using Guid(a1678148bc9db624f84ab5bafcd9efb8) Importer(815301076,1909f56bfc062723c751e8b465ee728b) (PreviewImporter) -> (artifact id: 'ef9b42e589d598bca112f28f82038e71') in 0.0333429 seconds
Number of updated asset objects reloaded before import = 0Number of asset objects unloaded after import = 2

========================================================================
Received Import Request.
  Time since last request: 0.000040 seconds.
  path: Assets/TextureHaven/rock_4k/rock_4k_textures/castle_wall_varriation/castle_wall_varriation_nor_4k.png
  artifactKey: Guid(876ac4c273d3b2e44901c1c27a034ec1) Importer(815301076,1909f56bfc062723c751e8b465ee728b)
Start importing Assets/TextureHaven/rock_4k/rock_4k_textures/castle_wall_varriation/castle_wall_varriation_nor_4k.png using Guid(876ac4c273d3b2e44901c1c27a034ec1) Importer(815301076,1909f56bfc062723c751e8b465ee728b) (PreviewImporter) -> (artifact id: '5db22c5bb9281c171eb2f60185d0bbdc') in 0.0477759 seconds
Number of updated asset objects reloaded before import = 0Number of asset objects unloaded after import = 2

========================================================================
Received Import Request.
  Time since last request: 3.557651 seconds.
  path: Assets/TextureHaven/rock_4k/rock_4k_textures/castle_wall_slates/castle_wall_slates_ao_4k.png
  artifactKey: Guid(4a8d1830a2ab6c34685bada17cdd7a53) Importer(815301076,1909f56bfc062723c751e8b465ee728b)
Start importing Assets/TextureHaven/rock_4k/rock_4k_textures/castle_wall_slates/castle_wall_slates_ao_4k.png using Guid(4a8d1830a2ab6c34685bada17cdd7a53) Importer(815301076,1909f56bfc062723c751e8b465ee728b) (PreviewImporter) -> (artifact id: 'fc533d5df26eb7012cb4afbe4e69a0e3') in 0.0346124 seconds
Number of updated asset objects reloaded before import = 0Number of asset objects unloaded after import = 2

========================================================================
Received Import Request.
  Time since last request: 0.000050 seconds.
  path: Assets/TextureHaven/rock_4k/rock_4k_textures/castle_wall_slates/castle_wall_slates_diff_4k.png
  artifactKey: Guid(ce2eeefbca069114ca4687dcc387a8e1) Importer(815301076,1909f56bfc062723c751e8b465ee728b)
Start importing Assets/TextureHaven/rock_4k/rock_4k_textures/castle_wall_slates/castle_wall_slates_diff_4k.png using Guid(ce2eeefbca069114ca4687dcc387a8e1) Importer(815301076,1909f56bfc062723c751e8b465ee728b) (PreviewImporter) -> (artifact id: '612d586931d8523761d527bee836734c') in 0.0337636 seconds
Number of updated asset objects reloaded before import = 0Number of asset objects unloaded after import = 2

========================================================================
Received Import Request.
  Time since last request: 0.000035 seconds.
  path: Assets/TextureHaven/rock_4k/rock_4k_textures/castle_wall_slates/castle_wall_slates_disp_4k.png
  artifactKey: Guid(773d7faa735d6da4d96961969345e76f) Importer(815301076,1909f56bfc062723c751e8b465ee728b)
Start importing Assets/TextureHaven/rock_4k/rock_4k_textures/castle_wall_slates/castle_wall_slates_disp_4k.png using Guid(773d7faa735d6da4d96961969345e76f) Importer(815301076,1909f56bfc062723c751e8b465ee728b) (PreviewImporter) -> (artifact id: '1bdcae503aa0a6e69ccc3e01cd226583') in 0.048579 seconds
Number of updated asset objects reloaded before import = 0Number of asset objects unloaded after import = 2

========================================================================
Received Import Request.
  Time since last request: 4.145403 seconds.
  path: Assets/TextureHaven/rock_4k/rock_4k_materials/castle_wall_varriation.mat
  artifactKey: Guid(adfd48c4a05ade349ab303fe863f1f8e) Importer(815301076,1909f56bfc062723c751e8b465ee728b)
Start importing Assets/TextureHaven/rock_4k/rock_4k_materials/castle_wall_varriation.mat using Guid(adfd48c4a05ade349ab303fe863f1f8e) Importer(815301076,1909f56bfc062723c751e8b465ee728b) (PreviewImporter) -> (artifact id: '7053dbac0d1a93df073627e25eb3b995') in 0.1404163 seconds
Number of updated asset objects reloaded before import = 0Number of asset objects unloaded after import = 5

========================================================================
Received Import Request.
  Time since last request: 136.416134 seconds.
  path: Assets/MODULAR CASTLE ASSETS/Stone_Tower.fbx
  artifactKey: Guid(6f383fac8de385a479a7f97149fd88ad) Importer(815301076,1909f56bfc062723c751e8b465ee728b)
Start importing Assets/MODULAR CASTLE ASSETS/Stone_Tower.fbx using Guid(6f383fac8de385a479a7f97149fd88ad) Importer(815301076,1909f56bfc062723c751e8b465ee728b) (PreviewImporter) -> (artifact id: 'b5eb7cc7f7192b12759ddb404f8051b3') in 0.1497282 seconds
Number of updated asset objects reloaded before import = 0Number of asset objects unloaded after import = 11

========================================================================
Received Import Request.
  Time since last request: 0.000040 seconds.
  path: Assets/MODULAR CASTLE ASSETS/Stone_Wall.fbx
  artifactKey: Guid(56f8c2fa396e93443aad21852d3f12d9) Importer(815301076,1909f56bfc062723c751e8b465ee728b)
Start importing Assets/MODULAR CASTLE ASSETS/Stone_Wall.fbx using Guid(56f8c2fa396e93443aad21852d3f12d9) Importer(815301076,1909f56bfc062723c751e8b465ee728b) (PreviewImporter) -> (artifact id: '577dfb9fa6ff8c580fff3be904ddb40a') in 0.0672711 seconds
Number of updated asset objects reloaded before import = 0Number of asset objects unloaded after import = 21

========================================================================
Received Import Request.
  Time since last request: 6.367634 seconds.
  path: Assets/Whaleride/Hand Painted Rocks Road (Blocky)/road_rocks_blocky.png
  artifactKey: Guid(e32a8e6f31df27a4ea7ef085e4a65a7d) Importer(815301076,1909f56bfc062723c751e8b465ee728b)
Start importing Assets/Whaleride/Hand Painted Rocks Road (Blocky)/road_rocks_blocky.png using Guid(e32a8e6f31df27a4ea7ef085e4a65a7d) Importer(815301076,1909f56bfc062723c751e8b465ee728b) (PreviewImporter) -> (artifact id: '9ddd866265d4cc3cadfa599b202ff1f4') in 0.0490556 seconds
Number of updated asset objects reloaded before import = 0Number of asset objects unloaded after import = 2

========================================================================
Received Import Request.
  Time since last request: 0.000024 seconds.
  path: Assets/Whaleride/Hand Painted Rocks Road (Blocky)/road_rocks_blocky_NRM.png
  artifactKey: Guid(c5fa454ade829484fa8c258f2f587ca3) Importer(815301076,1909f56bfc062723c751e8b465ee728b)
Start importing Assets/Whaleride/Hand Painted Rocks Road (Blocky)/road_rocks_blocky_NRM.png using Guid(c5fa454ade829484fa8c258f2f587ca3) Importer(815301076,1909f56bfc062723c751e8b465ee728b) (PreviewImporter) -> (artifact id: 'eddda536cc0618752ad99be11661838f') in 0.032024 seconds
Number of updated asset objects reloaded before import = 0Number of asset objects unloaded after import = 2

========================================================================
Received Import Request.
  Time since last request: 7299.559078 seconds.
  path: Assets/Kenenny Models/Ken-Arena/floor.fbx
  artifactKey: Guid(bdd4fc6a2b9872a49871a443b862fa58) Importer(815301076,1909f56bfc062723c751e8b465ee728b)
Start importing Assets/Kenenny Models/Ken-Arena/floor.fbx using Guid(bdd4fc6a2b9872a49871a443b862fa58) Importer(815301076,1909f56bfc062723c751e8b465ee728b) (PreviewImporter) -> (artifact id: 'ca3552f74fa9ab5302297826a6a1ad6b') in 0.0423765 seconds
Number of updated asset objects reloaded before import = 0Number of asset objects unloaded after import = 9

========================================================================
Received Import Request.
  Time since last request: 566.502936 seconds.
  path: Assets/Prefabs/PickUp.prefab
  artifactKey: Guid(f23af45a2fa3aaf4da7b313b2748760c) Importer(815301076,1909f56bfc062723c751e8b465ee728b)
Start importing Assets/Prefabs/PickUp.prefab using Guid(f23af45a2fa3aaf4da7b313b2748760c) Importer(815301076,1909f56bfc062723c751e8b465ee728b) (PreviewImporter) -> (artifact id: '75f95197860218a1beae34bae6eb679d') in 0.0534424 seconds
Number of updated asset objects reloaded before import = 0Number of asset objects unloaded after import = 10

========================================================================
Received Import Request.
  Time since last request: 4.135283 seconds.
  path: Assets/Obstacle Pack/Materials-Pallettes/Skybox_Mat.mat
  artifactKey: Guid(0ffaa0b7117ba8c47a9d05ae701d4b4d) Importer(815301076,1909f56bfc062723c751e8b465ee728b)
Start importing Assets/Obstacle Pack/Materials-Pallettes/Skybox_Mat.mat using Guid(0ffaa0b7117ba8c47a9d05ae701d4b4d) Importer(815301076,1909f56bfc062723c751e8b465ee728b) (PreviewImporter) -> (artifact id: 'dc2c32f550e2dd1fba7c36d44ea8f161') in 0.0213855 seconds
Number of updated asset objects reloaded before import = 0Number of asset objects unloaded after import = 1

========================================================================
Received Import Request.
  Time since last request: 54.585895 seconds.
  path: Assets/FBX format/arrows.fbx
  artifactKey: Guid(366cd851ef61d0f4cac9a7ba4baec6ea) Importer(815301076,1909f56bfc062723c751e8b465ee728b)
Start importing Assets/FBX format/arrows.fbx using Guid(366cd851ef61d0f4cac9a7ba4baec6ea) Importer(815301076,1909f56bfc062723c751e8b465ee728b) (PreviewImporter) -> (artifact id: '6fafdb8a10a83d1e8a035f720b1683db') in 0.0305972 seconds
Number of updated asset objects reloaded before import = 0Number of asset objects unloaded after import = 9

========================================================================
Received Import Request.
  Time since last request: 0.000979 seconds.
  path: Assets/FBX format/block-grass.fbx
  artifactKey: Guid(d9cc74cfb57975f4195cfbcfa084e7ca) Importer(815301076,1909f56bfc062723c751e8b465ee728b)
Start importing Assets/FBX format/block-grass.fbx using Guid(d9cc74cfb57975f4195cfbcfa084e7ca) Importer(815301076,1909f56bfc062723c751e8b465ee728b) (PreviewImporter) -> (artifact id: '5cdf7e18fa0c094313160ca0856a0a7d') in 0.0353641 seconds
Number of updated asset objects reloaded before import = 0Number of asset objects unloaded after import = 9

========================================================================
Received Import Request.
  Time since last request: 0.000022 seconds.
  path: Assets/FBX format/block-grass-overhang-large.fbx
  artifactKey: Guid(0c7696290cbd7924997ea148e217420d) Importer(815301076,1909f56bfc062723c751e8b465ee728b)
Start importing Assets/FBX format/block-grass-overhang-large.fbx using Guid(0c7696290cbd7924997ea148e217420d) Importer(815301076,1909f56bfc062723c751e8b465ee728b) (PreviewImporter) -> (artifact id: '97946fed10fb96317d4a4ca7eeaacd8f') in 0.0316828 seconds
Number of updated asset objects reloaded before import = 0Number of asset objects unloaded after import = 9

========================================================================
Received Import Request.
  Time since last request: 0.000022 seconds.
  path: Assets/FBX format/block-snow-corner.fbx
  artifactKey: Guid(15ffce387e44d164691557c808e05f21) Importer(815301076,1909f56bfc062723c751e8b465ee728b)
Start importing Assets/FBX format/block-snow-corner.fbx using Guid(15ffce387e44d164691557c808e05f21) Importer(815301076,1909f56bfc062723c751e8b465ee728b) (PreviewImporter) -> (artifact id: '9f4aced366b4ed400b4a2b5f8e9b193e') in 0.0371881 seconds
Number of updated asset objects reloaded before import = 0Number of asset objects unloaded after import = 9

========================================================================
Received Import Request.
  Time since last request: 0.000049 seconds.
  path: Assets/FBX format/block-snow-overhang-large.fbx
  artifactKey: Guid(6f0034980112fa241be455a18b8fb0fa) Importer(815301076,1909f56bfc062723c751e8b465ee728b)
Start importing Assets/FBX format/block-snow-overhang-large.fbx using Guid(6f0034980112fa241be455a18b8fb0fa) Importer(815301076,1909f56bfc062723c751e8b465ee728b) (PreviewImporter) -> (artifact id: '0c79499523ba6097b42ce573db7444b1') in 0.036364 seconds
Number of updated asset objects reloaded before import = 0Number of asset objects unloaded after import = 9

========================================================================
Received Import Request.
  Time since last request: 0.000030 seconds.
  path: Assets/FBX format/block-snow-overhang-low-long.fbx
  artifactKey: Guid(ed2df5a369d5c734b92024286978a949) Importer(815301076,1909f56bfc062723c751e8b465ee728b)
Start importing Assets/FBX format/block-snow-overhang-low-long.fbx using Guid(ed2df5a369d5c734b92024286978a949) Importer(815301076,1909f56bfc062723c751e8b465ee728b) (PreviewImporter) -> (artifact id: '670aa6fabe341d5db973e54f3328cc21') in 0.0297145 seconds
Number of updated asset objects reloaded before import = 0Number of asset objects unloaded after import = 9

========================================================================
Received Import Request.
  Time since last request: 0.000028 seconds.
  path: Assets/FBX format/crate-item.fbx
  artifactKey: Guid(14a158ddb42931047adcace44f7e72ed) Importer(815301076,1909f56bfc062723c751e8b465ee728b)
Start importing Assets/FBX format/crate-item.fbx using Guid(14a158ddb42931047adcace44f7e72ed) Importer(815301076,1909f56bfc062723c751e8b465ee728b) (PreviewImporter) -> (artifact id: '489b771f9439a8ed5a422061082ae7cc') in 0.0322206 seconds
Number of updated asset objects reloaded before import = 0Number of asset objects unloaded after import = 9

========================================================================
Received Import Request.
  Time since last request: 0.000026 seconds.
  path: Assets/FBX format/door-open.fbx
  artifactKey: Guid(7389d261fb1c41347bfe55c7d04fd45c) Importer(815301076,1909f56bfc062723c751e8b465ee728b)
Start importing Assets/FBX format/door-open.fbx using Guid(7389d261fb1c41347bfe55c7d04fd45c) Importer(815301076,1909f56bfc062723c751e8b465ee728b) (PreviewImporter) -> (artifact id: 'c0702551968f9305109ddd7dee845327') in 0.0310205 seconds
Number of updated asset objects reloaded before import = 0Number of asset objects unloaded after import = 9

========================================================================
Received Import Request.
  Time since last request: 0.000024 seconds.
  path: Assets/FBX format/block-grass-overhang-large-slope-steep.fbx
  artifactKey: Guid(b532fc91f797d1b4b97f6bb7406a4455) Importer(815301076,1909f56bfc062723c751e8b465ee728b)
Start importing Assets/FBX format/block-grass-overhang-large-slope-steep.fbx using Guid(b532fc91f797d1b4b97f6bb7406a4455) Importer(815301076,1909f56bfc062723c751e8b465ee728b) (PreviewImporter) -> (artifact id: 'a1c54117d70dca73e0b7a35a46f6f0bd') in 0.0318162 seconds
Number of updated asset objects reloaded before import = 0Number of asset objects unloaded after import = 9

========================================================================
Received Import Request.
  Time since last request: 0.000033 seconds.
  path: Assets/FBX format/block-snow-large-tall.fbx
  artifactKey: Guid(989a8963526ecaf4ba2936862d5058ff) Importer(815301076,1909f56bfc062723c751e8b465ee728b)
Start importing Assets/FBX format/block-snow-large-tall.fbx using Guid(989a8963526ecaf4ba2936862d5058ff) Importer(815301076,1909f56bfc062723c751e8b465ee728b) (PreviewImporter) -> (artifact id: '8293d1b69807f529a1ee89781cdf1d51') in 0.035672 seconds
Number of updated asset objects reloaded before import = 0Number of asset objects unloaded after import = 9

========================================================================
Received Import Request.
  Time since last request: 0.000039 seconds.
  path: Assets/FBX format/button-round.fbx
  artifactKey: Guid(56c14b5cee35a8e4a912ece69da6a6aa) Importer(815301076,1909f56bfc062723c751e8b465ee728b)
Start importing Assets/FBX format/button-round.fbx using Guid(56c14b5cee35a8e4a912ece69da6a6aa) Importer(815301076,1909f56bfc062723c751e8b465ee728b) (PreviewImporter) -> (artifact id: '8f27dab547f80cb1ed37217765cb0440') in 0.0547977 seconds
Number of updated asset objects reloaded before import = 0Number of asset objects unloaded after import = 17

========================================================================
Received Import Request.
  Time since last request: 0.000020 seconds.
  path: Assets/FBX format/block-snow-large-slope.fbx
  artifactKey: Guid(6d6f1d9021aef8046a18a7c825d20689) Importer(815301076,1909f56bfc062723c751e8b465ee728b)
Start importing Assets/FBX format/block-snow-large-slope.fbx using Guid(6d6f1d9021aef8046a18a7c825d20689) Importer(815301076,1909f56bfc062723c751e8b465ee728b) (PreviewImporter) -> (artifact id: '28bb1ddaf896f8167b0bc6a694befeb6') in 0.0310974 seconds
Number of updated asset objects reloaded before import = 0Number of asset objects unloaded after import = 9

========================================================================
Received Import Request.
  Time since last request: 0.000025 seconds.
  path: Assets/FBX format/block-grass-low-long.fbx
  artifactKey: Guid(b7a9089ce16db8747b4eb218df94074f) Importer(815301076,1909f56bfc062723c751e8b465ee728b)
Start importing Assets/FBX format/block-grass-low-long.fbx using Guid(b7a9089ce16db8747b4eb218df94074f) Importer(815301076,1909f56bfc062723c751e8b465ee728b) (PreviewImporter) -> (artifact id: '2beb0d9c088be2043cfb5c8a10d6495b') in 0.0292294 seconds
Number of updated asset objects reloaded before import = 0Number of asset objects unloaded after import = 9

========================================================================
Received Import Request.
  Time since last request: 0.000039 seconds.
  path: Assets/FBX format/block-snow-curve-low.fbx
  artifactKey: Guid(3725feed515bc184abfd6a902954644d) Importer(815301076,1909f56bfc062723c751e8b465ee728b)
Start importing Assets/FBX format/block-snow-curve-low.fbx using Guid(3725feed515bc184abfd6a902954644d) Importer(815301076,1909f56bfc062723c751e8b465ee728b) (PreviewImporter) -> (artifact id: 'ed14fe94ee8953bd2a3be87fd39ef45e') in 0.0351532 seconds
Number of updated asset objects reloaded before import = 0Number of asset objects unloaded after import = 9

========================================================================
Received Import Request.
  Time since last request: 0.000022 seconds.
  path: Assets/FBX format/block-grass-overhang-low-long.fbx
  artifactKey: Guid(a16304a0dc7e1e7409dea83d7923908a) Importer(815301076,1909f56bfc062723c751e8b465ee728b)
Start importing Assets/FBX format/block-grass-overhang-low-long.fbx using Guid(a16304a0dc7e1e7409dea83d7923908a) Importer(815301076,1909f56bfc062723c751e8b465ee728b) (PreviewImporter) -> (artifact id: '95e66b6255a22c461baa23c008890ec7') in 0.0295357 seconds
Number of updated asset objects reloaded before import = 0Number of asset objects unloaded after import = 9

========================================================================
Received Import Request.
  Time since last request: 0.000037 seconds.
  path: Assets/FBX format/block-snow-overhang-low-narrow.fbx
  artifactKey: Guid(3891ac31f6ae08f4583568530e79930d) Importer(815301076,1909f56bfc062723c751e8b465ee728b)
Start importing Assets/FBX format/block-snow-overhang-low-narrow.fbx using Guid(3891ac31f6ae08f4583568530e79930d) Importer(815301076,1909f56bfc062723c751e8b465ee728b) (PreviewImporter) -> (artifact id: '29e49581f815773670b476006c4f1145') in 0.0306855 seconds
Number of updated asset objects reloaded before import = 0Number of asset objects unloaded after import = 9

========================================================================
Received Import Request.
  Time since last request: 0.000025 seconds.
  path: Assets/FBX format/block-grass-low-hexagon.fbx
  artifactKey: Guid(3ac4d0759571f7f47b3163f2ac910878) Importer(815301076,1909f56bfc062723c751e8b465ee728b)
Start importing Assets/FBX format/block-grass-low-hexagon.fbx using Guid(3ac4d0759571f7f47b3163f2ac910878) Importer(815301076,1909f56bfc062723c751e8b465ee728b) (PreviewImporter) -> (artifact id: '3a58eb09ba382c8d39f182361a225fda') in 0.033163 seconds
Number of updated asset objects reloaded before import = 0Number of asset objects unloaded after import = 9

========================================================================
Received Import Request.
  Time since last request: 0.000029 seconds.
  path: Assets/FBX format/block-grass-overhang-low-large.fbx
  artifactKey: Guid(97a1749f433053e4898e5384391b4e18) Importer(815301076,1909f56bfc062723c751e8b465ee728b)
Start importing Assets/FBX format/block-grass-overhang-low-large.fbx using Guid(97a1749f433053e4898e5384391b4e18) Importer(815301076,1909f56bfc062723c751e8b465ee728b) (PreviewImporter) -> (artifact id: 'd9de993ff4ad9e046237f0e91ae12c7f') in 0.0352509 seconds
Number of updated asset objects reloaded before import = 0Number of asset objects unloaded after import = 9

========================================================================
Received Import Request.
  Time since last request: 0.000060 seconds.
  path: Assets/FBX format/block-snow-overhang-low-large.fbx
  artifactKey: Guid(0f4ef97f7b60d5a4583df1f59a31db8a) Importer(815301076,1909f56bfc062723c751e8b465ee728b)
Start importing Assets/FBX format/block-snow-overhang-low-large.fbx using Guid(0f4ef97f7b60d5a4583df1f59a31db8a) Importer(815301076,1909f56bfc062723c751e8b465ee728b) (PreviewImporter) -> (artifact id: 'cf6d6ba0b13ab1c17643323eb2561ec8') in 0.0301121 seconds
Number of updated asset objects reloaded before import = 0Number of asset objects unloaded after import = 9

========================================================================
Received Import Request.
  Time since last request: 0.000021 seconds.
  path: Assets/FBX format/block-grass-corner-overhang.fbx
  artifactKey: Guid(0bd9fbf33568e3f48b0979cb120bd697) Importer(815301076,1909f56bfc062723c751e8b465ee728b)
Start importing Assets/FBX format/block-grass-corner-overhang.fbx using Guid(0bd9fbf33568e3f48b0979cb120bd697) Importer(815301076,1909f56bfc062723c751e8b465ee728b) (PreviewImporter) -> (artifact id: 'eab47a9d6b5e05ada2f72ed125480c14') in 0.0304304 seconds
Number of updated asset objects reloaded before import = 0Number of asset objects unloaded after import = 9

========================================================================
Received Import Request.
  Time since last request: 0.000023 seconds.
  path: Assets/FBX format/fence-straight.fbx
  artifactKey: Guid(9adcb93781abdfa43abf706704df64aa) Importer(815301076,1909f56bfc062723c751e8b465ee728b)
Start importing Assets/FBX format/fence-straight.fbx using Guid(9adcb93781abdfa43abf706704df64aa) Importer(815301076,1909f56bfc062723c751e8b465ee728b) (PreviewImporter) -> (artifact id: 'f61757b97a586f8570cee041a09582e4') in 0.0321678 seconds
Number of updated asset objects reloaded before import = 0Number of asset objects unloaded after import = 9

========================================================================
Received Import Request.
  Time since last request: 0.000032 seconds.
  path: Assets/FBX format/platform-overhang.fbx
  artifactKey: Guid(540e8ebbbbf91e1488a1119ca1cb916c) Importer(815301076,1909f56bfc062723c751e8b465ee728b)
Start importing Assets/FBX format/platform-overhang.fbx using Guid(540e8ebbbbf91e1488a1119ca1cb916c) Importer(815301076,1909f56bfc062723c751e8b465ee728b) (PreviewImporter) -> (artifact id: '8204cf0b5560ad3ced249ea842255bc5') in 0.0289564 seconds
Number of updated asset objects reloaded before import = 0Number of asset objects unloaded after import = 9

========================================================================
Received Import Request.
  Time since last request: 0.000029 seconds.
  path: Assets/FBX format/lock.fbx
  artifactKey: Guid(5d42d008417a5fc4da7df826f365b607) Importer(815301076,1909f56bfc062723c751e8b465ee728b)
Start importing Assets/FBX format/lock.fbx using Guid(5d42d008417a5fc4da7df826f365b607) Importer(815301076,1909f56bfc062723c751e8b465ee728b) (PreviewImporter) -> (artifact id: '320be912a1f4bb34cc2143eab99d9c60') in 0.0320826 seconds
Number of updated asset objects reloaded before import = 0Number of asset objects unloaded after import = 9

========================================================================
Received Import Request.
  Time since last request: 0.000023 seconds.
  path: Assets/FBX format/spike-block.fbx
  artifactKey: Guid(44b7a3e0f09cb0540b04d6198159a47b) Importer(815301076,1909f56bfc062723c751e8b465ee728b)
Start importing Assets/FBX format/spike-block.fbx using Guid(44b7a3e0f09cb0540b04d6198159a47b) Importer(815301076,1909f56bfc062723c751e8b465ee728b) (PreviewImporter) -> (artifact id: 'ad4acc9fb7b613231b3d3860428a591f') in 0.0281581 seconds
Number of updated asset objects reloaded before import = 0Number of asset objects unloaded after import = 9

========================================================================
Received Import Request.
  Time since last request: 0.000025 seconds.
  path: Assets/FBX format/ladder.fbx
  artifactKey: Guid(4746cfd8e124b344b85beb55e38f3060) Importer(815301076,1909f56bfc062723c751e8b465ee728b)
Start importing Assets/FBX format/ladder.fbx using Guid(4746cfd8e124b344b85beb55e38f3060) Importer(815301076,1909f56bfc062723c751e8b465ee728b) (PreviewImporter) -> (artifact id: '9d0dc7b634566995d974bd328441bea8') in 0.0282005 seconds
Number of updated asset objects reloaded before import = 0Number of asset objects unloaded after import = 9

========================================================================
Received Import Request.
  Time since last request: 0.000036 seconds.
  path: Assets/FBX format/hedge-corner.fbx
  artifactKey: Guid(7acd1152576223e4980b419dbbef0d0d) Importer(815301076,1909f56bfc062723c751e8b465ee728b)
Start importing Assets/FBX format/hedge-corner.fbx using Guid(7acd1152576223e4980b419dbbef0d0d) Importer(815301076,1909f56bfc062723c751e8b465ee728b) (PreviewImporter) -> (artifact id: 'ec938b325c6e795ca281cb330fa48769') in 0.033161 seconds
Number of updated asset objects reloaded before import = 0Number of asset objects unloaded after import = 9

========================================================================
Received Import Request.
  Time since last request: 0.000025 seconds.
  path: Assets/FBX format/platform-ramp.fbx
  artifactKey: Guid(bb1832eaca4491e428890f3d847e2853) Importer(815301076,1909f56bfc062723c751e8b465ee728b)
Start importing Assets/FBX format/platform-ramp.fbx using Guid(bb1832eaca4491e428890f3d847e2853) Importer(815301076,1909f56bfc062723c751e8b465ee728b) (PreviewImporter) -> (artifact id: '4901175bf6477d610c75b087bebb29d1') in 0.0530903 seconds
Number of updated asset objects reloaded before import = 0Number of asset objects unloaded after import = 9

========================================================================
Received Import Request.
  Time since last request: 0.000029 seconds.
  path: Assets/FBX format/platform.fbx
  artifactKey: Guid(7fa41e672daf2f947bff24a50fb1c740) Importer(815301076,1909f56bfc062723c751e8b465ee728b)
Start importing Assets/FBX format/platform.fbx using Guid(7fa41e672daf2f947bff24a50fb1c740) Importer(815301076,1909f56bfc062723c751e8b465ee728b) (PreviewImporter) -> (artifact id: '58d0aba702773b29dca12b60979506e0') in 0.0390666 seconds
Number of updated asset objects reloaded before import = 0Number of asset objects unloaded after import = 9

========================================================================
Received Import Request.
  Time since last request: 0.000025 seconds.
  path: Assets/FBX format/tree-snow.fbx
  artifactKey: Guid(cc7389a67659e5b45bbbea7afc1debe4) Importer(815301076,1909f56bfc062723c751e8b465ee728b)
Start importing Assets/FBX format/tree-snow.fbx using Guid(cc7389a67659e5b45bbbea7afc1debe4) Importer(815301076,1909f56bfc062723c751e8b465ee728b) (PreviewImporter) -> (artifact id: 'de177dc500ca92d90ed0cf35e3e8cc45') in 0.1842606 seconds
Number of updated asset objects reloaded before import = 0Number of asset objects unloaded after import = 84

========================================================================
Received Import Request.
  Time since last request: 0.000037 seconds.
  path: Assets/FBX format/ladder-broken.fbx
  artifactKey: Guid(1d368c781d7ddce40b7d5db6ab74e05f) Importer(815301076,1909f56bfc062723c751e8b465ee728b)
Start importing Assets/FBX format/ladder-broken.fbx using Guid(1d368c781d7ddce40b7d5db6ab74e05f) Importer(815301076,1909f56bfc062723c751e8b465ee728b) (PreviewImporter) -> (artifact id: 'fa7ec48ffe1464f29e100e455b051a2a') in 0.0329959 seconds
Number of updated asset objects reloaded before import = 0Number of asset objects unloaded after import = 9

========================================================================
Received Import Request.
  Time since last request: 0.000034 seconds.
  path: Assets/FBX format/poles.fbx
  artifactKey: Guid(0949716e2f924704793e40034143a4d7) Importer(815301076,1909f56bfc062723c751e8b465ee728b)
Start importing Assets/FBX format/poles.fbx using Guid(0949716e2f924704793e40034143a4d7) Importer(815301076,1909f56bfc062723c751e8b465ee728b) (PreviewImporter) -> (artifact id: 'bd0d01835b2343146575db8363751b6b') in 0.0322092 seconds
Number of updated asset objects reloaded before import = 0Number of asset objects unloaded after import = 9

========================================================================
Received Import Request.
  Time since last request: 0.000024 seconds.
  path: Assets/FBX format/coin-bronze.fbx
  artifactKey: Guid(5f5fc83d5d61fff4d8808521c4e6f8c4) Importer(815301076,1909f56bfc062723c751e8b465ee728b)
Start importing Assets/FBX format/coin-bronze.fbx using Guid(5f5fc83d5d61fff4d8808521c4e6f8c4) Importer(815301076,1909f56bfc062723c751e8b465ee728b) (PreviewImporter) -> (artifact id: '83005e931682e1ae50a2b049ee916a61') in 0.0281619 seconds
Number of updated asset objects reloaded before import = 0Number of asset objects unloaded after import = 9

========================================================================
Received Import Request.
  Time since last request: 0.000029 seconds.
  path: Assets/FBX format/block-grass-low-large.fbx
  artifactKey: Guid(ae0397d31f5c0eb419067f635cb9f583) Importer(815301076,1909f56bfc062723c751e8b465ee728b)
Start importing Assets/FBX format/block-grass-low-large.fbx using Guid(ae0397d31f5c0eb419067f635cb9f583) Importer(815301076,1909f56bfc062723c751e8b465ee728b) (PreviewImporter) -> (artifact id: '9c9b067cd04c437759314a4d5c528d60') in 0.0344261 seconds
Number of updated asset objects reloaded before import = 0Number of asset objects unloaded after import = 9

========================================================================
Received Import Request.
  Time since last request: 0.000033 seconds.
  path: Assets/FBX format/block-snow-overhang-large-slope.fbx
  artifactKey: Guid(c185c2274e250a54abe2e44bd4d7f6c6) Importer(815301076,1909f56bfc062723c751e8b465ee728b)
Start importing Assets/FBX format/block-snow-overhang-large-slope.fbx using Guid(c185c2274e250a54abe2e44bd4d7f6c6) Importer(815301076,1909f56bfc062723c751e8b465ee728b) (PreviewImporter) -> (artifact id: '6cf66826a83512ce7a53ff3e59740669') in 0.0386071 seconds
Number of updated asset objects reloaded before import = 0Number of asset objects unloaded after import = 9

========================================================================
Received Import Request.
  Time since last request: 0.000023 seconds.
  path: Assets/FBX format/block-snow-low-hexagon.fbx
  artifactKey: Guid(87d9813c97d3138429fdf91513e9cc51) Importer(815301076,1909f56bfc062723c751e8b465ee728b)
Start importing Assets/FBX format/block-snow-low-hexagon.fbx using Guid(87d9813c97d3138429fdf91513e9cc51) Importer(815301076,1909f56bfc062723c751e8b465ee728b) (PreviewImporter) -> (artifact id: 'ff4991efbe9a22b73fe90f1821984280') in 0.0293879 seconds
Number of updated asset objects reloaded before import = 0Number of asset objects unloaded after import = 9

========================================================================
Received Import Request.
  Time since last request: 0.000031 seconds.
  path: Assets/FBX format/saw.fbx
  artifactKey: Guid(bd9346eef7ec32447a6ad9fddf6dacb2) Importer(815301076,1909f56bfc062723c751e8b465ee728b)
Start importing Assets/FBX format/saw.fbx using Guid(bd9346eef7ec32447a6ad9fddf6dacb2) Importer(815301076,1909f56bfc062723c751e8b465ee728b) (PreviewImporter) -> (artifact id: 'bdb0f40d4ec7923de096a771e535763d') in 0.0421988 seconds
Number of updated asset objects reloaded before import = 0Number of asset objects unloaded after import = 14

========================================================================
Received Import Request.
  Time since last request: 0.000110 seconds.
  path: Assets/FBX format/block-grass-overhang-large-tall.fbx
  artifactKey: Guid(db9a1bdec5038704a929fd22936f1b51) Importer(815301076,1909f56bfc062723c751e8b465ee728b)
Start importing Assets/FBX format/block-grass-overhang-large-tall.fbx using Guid(db9a1bdec5038704a929fd22936f1b51) Importer(815301076,1909f56bfc062723c751e8b465ee728b) (PreviewImporter) -> (artifact id: 'd700db3ac9cfa83146d56d37dfd5b566') in 0.0439383 seconds
Number of updated asset objects reloaded before import = 0Number of asset objects unloaded after import = 9

========================================================================
Received Import Request.
  Time since last request: 0.000036 seconds.
  path: Assets/FBX format/trap-spikes-large.fbx
  artifactKey: Guid(33b943a155461e24cbf45d4e0a8df0e2) Importer(815301076,1909f56bfc062723c751e8b465ee728b)
Start importing Assets/FBX format/trap-spikes-large.fbx using Guid(33b943a155461e24cbf45d4e0a8df0e2) Importer(815301076,1909f56bfc062723c751e8b465ee728b) (PreviewImporter) -> (artifact id: 'de585dc11241288959ec7ddafd6e43fd') in 0.0568893 seconds
Number of updated asset objects reloaded before import = 0Number of asset objects unloaded after import = 17

========================================================================
Received Import Request.
  Time since last request: 0.000023 seconds.
  path: Assets/FBX format/block-grass-large-tall.fbx
  artifactKey: Guid(9d04e1f83b757bc42b6c56f6f3294c55) Importer(815301076,1909f56bfc062723c751e8b465ee728b)
Start importing Assets/FBX format/block-grass-large-tall.fbx using Guid(9d04e1f83b757bc42b6c56f6f3294c55) Importer(815301076,1909f56bfc062723c751e8b465ee728b) (PreviewImporter) -> (artifact id: '737fe76a42bd995bda038752878db582') in 0.041444 seconds
Number of updated asset objects reloaded before import = 0Number of asset objects unloaded after import = 9

========================================================================
Received Import Request.
  Time since last request: 0.000036 seconds.
  path: Assets/FBX format/block-grass-low.fbx
  artifactKey: Guid(57df22d0aac4eee4baf091f0d5561a86) Importer(815301076,1909f56bfc062723c751e8b465ee728b)
Start importing Assets/FBX format/block-grass-low.fbx using Guid(57df22d0aac4eee4baf091f0d5561a86) Importer(815301076,1909f56bfc062723c751e8b465ee728b) (PreviewImporter) -> (artifact id: '92571a03ae06ab116beb524cecefdaad') in 0.0264065 seconds
Number of updated asset objects reloaded before import = 0Number of asset objects unloaded after import = 9

========================================================================
Received Import Request.
  Time since last request: 0.000044 seconds.
  path: Assets/FBX format/spike-block-wide.fbx
  artifactKey: Guid(fdfda34776c2852479e60e6eb524cbbb) Importer(815301076,1909f56bfc062723c751e8b465ee728b)
Start importing Assets/FBX format/spike-block-wide.fbx using Guid(fdfda34776c2852479e60e6eb524cbbb) Importer(815301076,1909f56bfc062723c751e8b465ee728b) (PreviewImporter) -> (artifact id: 'c8d005cd0cce2f31f44377e5991c9d75') in 0.0352486 seconds
Number of updated asset objects reloaded before import = 0Number of asset objects unloaded after import = 9

========================================================================
Received Import Request.
  Time since last request: 0.000028 seconds.
  path: Assets/FBX format/block-grass-overhang-long.fbx
  artifactKey: Guid(4e9fa5665a109d14cbbdd03c9456e056) Importer(815301076,1909f56bfc062723c751e8b465ee728b)
Start importing Assets/FBX format/block-grass-overhang-long.fbx using Guid(4e9fa5665a109d14cbbdd03c9456e056) Importer(815301076,1909f56bfc062723c751e8b465ee728b) (PreviewImporter) -> (artifact id: '3b5a3d087714654927dd8282965142ec') in 0.031945 seconds
Number of updated asset objects reloaded before import = 0Number of asset objects unloaded after import = 9

========================================================================
Received Import Request.
  Time since last request: 0.000029 seconds.
  path: Assets/FBX format/ladder-long.fbx
  artifactKey: Guid(08554a6979c1b3f468c22db7426792b9) Importer(815301076,1909f56bfc062723c751e8b465ee728b)
Start importing Assets/FBX format/ladder-long.fbx using Guid(08554a6979c1b3f468c22db7426792b9) Importer(815301076,1909f56bfc062723c751e8b465ee728b) (PreviewImporter) -> (artifact id: 'bcef2cb33fe7f36f51d05e1d4104df29') in 0.0278343 seconds
Number of updated asset objects reloaded before import = 0Number of asset objects unloaded after import = 9

========================================================================
Received Import Request.
  Time since last request: 0.000027 seconds.
  path: Assets/FBX format/block-grass-narrow.fbx
  artifactKey: Guid(447e129bf827dd74da44c84cfd4c557a) Importer(815301076,1909f56bfc062723c751e8b465ee728b)
Start importing Assets/FBX format/block-grass-narrow.fbx using Guid(447e129bf827dd74da44c84cfd4c557a) Importer(815301076,1909f56bfc062723c751e8b465ee728b) (PreviewImporter) -> (artifact id: '0ce833b8536c2299438e3ddcb914085b') in 0.0283776 seconds
Number of updated asset objects reloaded before import = 0Number of asset objects unloaded after import = 9

========================================================================
Received Import Request.
  Time since last request: 0.000041 seconds.
  path: Assets/FBX format/block-snow-large-slope-narrow.fbx
  artifactKey: Guid(49cd354c56f632148bb6f39a2d7a18d5) Importer(815301076,1909f56bfc062723c751e8b465ee728b)
Start importing Assets/FBX format/block-snow-large-slope-narrow.fbx using Guid(49cd354c56f632148bb6f39a2d7a18d5) Importer(815301076,1909f56bfc062723c751e8b465ee728b) (PreviewImporter) -> (artifact id: 'e12f961f28ca68c0b0126a2b9f32f055') in 0.0284532 seconds
Number of updated asset objects reloaded before import = 0Number of asset objects unloaded after import = 9

========================================================================
Received Import Request.
  Time since last request: 0.000023 seconds.
  path: Assets/FBX format/block-snow-curve.fbx
  artifactKey: Guid(c3fb4e52fe235d04da6991a503136082) Importer(815301076,1909f56bfc062723c751e8b465ee728b)
Start importing Assets/FBX format/block-snow-curve.fbx using Guid(c3fb4e52fe235d04da6991a503136082) Importer(815301076,1909f56bfc062723c751e8b465ee728b) (PreviewImporter) -> (artifact id: 'e48cf9170d02a0419ff4acd018f908ca') in 0.0289049 seconds
Number of updated asset objects reloaded before import = 0Number of asset objects unloaded after import = 9

========================================================================
Received Import Request.
  Time since last request: 0.000024 seconds.
  path: Assets/FBX format/block-snow-overhang-low.fbx
  artifactKey: Guid(354bc6bafd9d7a7488f5886952d690b9) Importer(815301076,1909f56bfc062723c751e8b465ee728b)
Start importing Assets/FBX format/block-snow-overhang-low.fbx using Guid(354bc6bafd9d7a7488f5886952d690b9) Importer(815301076,1909f56bfc062723c751e8b465ee728b) (PreviewImporter) -> (artifact id: 'ea8fed730e41ef23184e2e49098536a4') in 0.027771 seconds
Number of updated asset objects reloaded before import = 0Number of asset objects unloaded after import = 9

========================================================================
Received Import Request.
  Time since last request: 0.000037 seconds.
  path: Assets/FBX format/block-grass-overhang-edge.fbx
  artifactKey: Guid(abe71f031b721fb42b3f9b2a13eeea74) Importer(815301076,1909f56bfc062723c751e8b465ee728b)
Start importing Assets/FBX format/block-grass-overhang-edge.fbx using Guid(abe71f031b721fb42b3f9b2a13eeea74) Importer(815301076,1909f56bfc062723c751e8b465ee728b) (PreviewImporter) -> (artifact id: '08833699bf4985b2ccba464fbf74e685') in 0.0275435 seconds
Number of updated asset objects reloaded before import = 0Number of asset objects unloaded after import = 9

========================================================================
Received Import Request.
  Time since last request: 0.000035 seconds.
  path: Assets/FBX format/door-large-open.fbx
  artifactKey: Guid(1207453518901754889c5473b44db45b) Importer(815301076,1909f56bfc062723c751e8b465ee728b)
Start importing Assets/FBX format/door-large-open.fbx using Guid(1207453518901754889c5473b44db45b) Importer(815301076,1909f56bfc062723c751e8b465ee728b) (PreviewImporter) -> (artifact id: '922a2fc6d70098c5ea07d83dcc8e446b') in 0.0269541 seconds
Number of updated asset objects reloaded before import = 0Number of asset objects unloaded after import = 9

========================================================================
Received Import Request.
  Time since last request: 0.000050 seconds.
  path: Assets/FBX format/block-snow-overhang-edge.fbx
  artifactKey: Guid(be8b90d21b2ceae4488eb50ec6b33b9d) Importer(815301076,1909f56bfc062723c751e8b465ee728b)
Start importing Assets/FBX format/block-snow-overhang-edge.fbx using Guid(be8b90d21b2ceae4488eb50ec6b33b9d) Importer(815301076,1909f56bfc062723c751e8b465ee728b) (PreviewImporter) -> (artifact id: '520cd1292318f05f7677a3fccf2353b4') in 0.0285582 seconds
Number of updated asset objects reloaded before import = 0Number of asset objects unloaded after import = 9

========================================================================
Received Import Request.
  Time since last request: 0.000023 seconds.
  path: Assets/FBX format/block-grass-overhang-narrow.fbx
  artifactKey: Guid(00ec7c5c1cfa14b40942e2183d71e013) Importer(815301076,1909f56bfc062723c751e8b465ee728b)
Start importing Assets/FBX format/block-grass-overhang-narrow.fbx using Guid(00ec7c5c1cfa14b40942e2183d71e013) Importer(815301076,1909f56bfc062723c751e8b465ee728b) (PreviewImporter) -> (artifact id: '1fd5afe075d6fc8dddc4ccb43d2bd291') in 0.0297443 seconds
Number of updated asset objects reloaded before import = 0Number of asset objects unloaded after import = 9

========================================================================
Received Import Request.
  Time since last request: 0.000031 seconds.
  path: Assets/FBX format/door-rotate.fbx
  artifactKey: Guid(f7ffcc6422572224eb7894edf1e810b9) Importer(815301076,1909f56bfc062723c751e8b465ee728b)
Start importing Assets/FBX format/door-rotate.fbx using Guid(f7ffcc6422572224eb7894edf1e810b9) Importer(815301076,1909f56bfc062723c751e8b465ee728b) (PreviewImporter) -> (artifact id: 'f37c7383d20b384a915b00abed03577e') in 0.0410005 seconds
Number of updated asset objects reloaded before import = 0Number of asset objects unloaded after import = 17

========================================================================
Received Import Request.
  Time since last request: 0.000043 seconds.
  path: Assets/FBX format/flag.fbx
  artifactKey: Guid(bfe3ef0ecf69e974891b62df1e30eb83) Importer(815301076,1909f56bfc062723c751e8b465ee728b)
Start importing Assets/FBX format/flag.fbx using Guid(bfe3ef0ecf69e974891b62df1e30eb83) Importer(815301076,1909f56bfc062723c751e8b465ee728b) (PreviewImporter) -> (artifact id: '8f5496402b05d9fa93cf15e949dc1dcc') in 0.0246999 seconds
Number of updated asset objects reloaded before import = 0Number of asset objects unloaded after import = 9

========================================================================
Received Import Request.
  Time since last request: 0.000023 seconds.
  path: Assets/FBX format/fence-low-corner.fbx
  artifactKey: Guid(c212d8ff7585adc44a60a9f3725ed08b) Importer(815301076,1909f56bfc062723c751e8b465ee728b)
Start importing Assets/FBX format/fence-low-corner.fbx using Guid(c212d8ff7585adc44a60a9f3725ed08b) Importer(815301076,1909f56bfc062723c751e8b465ee728b) (PreviewImporter) -> (artifact id: '20bd85731c92a9d6e7bf00f76390bfff') in 0.0276955 seconds
Number of updated asset objects reloaded before import = 0Number of asset objects unloaded after import = 9

========================================================================
Received Import Request.
  Time since last request: 0.000031 seconds.
  path: Assets/FBX format/block-grass-curve-low.fbx
  artifactKey: Guid(d62e847d349b7a14b92e3da6d27b893f) Importer(815301076,1909f56bfc062723c751e8b465ee728b)
Start importing Assets/FBX format/block-grass-curve-low.fbx using Guid(d62e847d349b7a14b92e3da6d27b893f) Importer(815301076,1909f56bfc062723c751e8b465ee728b) (PreviewImporter) -> (artifact id: 'f6e91661706bc0e35acc8aa62b13e389') in 0.0289211 seconds
Number of updated asset objects reloaded before import = 0Number of asset objects unloaded after import = 9

========================================================================
Received Import Request.
  Time since last request: 0.000024 seconds.
  path: Assets/FBX format/tree-pine-snow.fbx
  artifactKey: Guid(ac0339b09dd90ec4d8a4b1302af5ee3e) Importer(815301076,1909f56bfc062723c751e8b465ee728b)
Start importing Assets/FBX format/tree-pine-snow.fbx using Guid(ac0339b09dd90ec4d8a4b1302af5ee3e) Importer(815301076,1909f56bfc062723c751e8b465ee728b) (PreviewImporter) -> (artifact id: 'f19b4012e30a1d48e8dd063c76cd0dbb') in 0.0267677 seconds
Number of updated asset objects reloaded before import = 0Number of asset objects unloaded after import = 9

========================================================================
Received Import Request.
  Time since last request: 0.000032 seconds.
  path: Assets/FBX format/sign.fbx
  artifactKey: Guid(fa39f3944037f594dabbe40fe50e02ea) Importer(815301076,1909f56bfc062723c751e8b465ee728b)
Start importing Assets/FBX format/sign.fbx using Guid(fa39f3944037f594dabbe40fe50e02ea) Importer(815301076,1909f56bfc062723c751e8b465ee728b) (PreviewImporter) -> (artifact id: '5b1337f5f112430dabb84ebac51c49f3') in 0.0272963 seconds
Number of updated asset objects reloaded before import = 0Number of asset objects unloaded after import = 9

========================================================================
Received Import Request.
  Time since last request: 0.000031 seconds.
  path: Assets/FBX format/chest.fbx
  artifactKey: Guid(4ad6638603f85be45b2ff2ff020b0d60) Importer(815301076,1909f56bfc062723c751e8b465ee728b)
Start importing Assets/FBX format/chest.fbx using Guid(4ad6638603f85be45b2ff2ff020b0d60) Importer(815301076,1909f56bfc062723c751e8b465ee728b) (PreviewImporter) -> (artifact id: '578d304d84c968f7cff6160632cfef62') in 0.0406237 seconds
Number of updated asset objects reloaded before import = 0Number of asset objects unloaded after import = 17

========================================================================
Received Import Request.
  Time since last request: 0.000027 seconds.
  path: Assets/FBX format/tree.fbx
  artifactKey: Guid(7b6a9876e7c0a7c4b8255911a9758967) Importer(815301076,1909f56bfc062723c751e8b465ee728b)
Start importing Assets/FBX format/tree.fbx using Guid(7b6a9876e7c0a7c4b8255911a9758967) Importer(815301076,1909f56bfc062723c751e8b465ee728b) (PreviewImporter) -> (artifact id: '91c9b487cbb41225cc983bb24f48abb9') in 0.1726848 seconds
Number of updated asset objects reloaded before import = 0Number of asset objects unloaded after import = 84

========================================================================
Received Import Request.
  Time since last request: 0.000023 seconds.
  path: Assets/FBX format/block-snow-curve-half.fbx
  artifactKey: Guid(5095995b8ea0e5341b2d9f4326fcb3f9) Importer(815301076,1909f56bfc062723c751e8b465ee728b)
Start importing Assets/FBX format/block-snow-curve-half.fbx using Guid(5095995b8ea0e5341b2d9f4326fcb3f9) Importer(815301076,1909f56bfc062723c751e8b465ee728b) (PreviewImporter) -> (artifact id: '435be58b33e9cbf952327df900e62dd2') in 0.0274146 seconds
Number of updated asset objects reloaded before import = 0Number of asset objects unloaded after import = 9

========================================================================
Received Import Request.
  Time since last request: 0.000053 seconds.
  path: Assets/FBX format/flowers.fbx
  artifactKey: Guid(2c2bb55ef13a93e42bd29d774f879a33) Importer(815301076,1909f56bfc062723c751e8b465ee728b)
Start importing Assets/FBX format/flowers.fbx using Guid(2c2bb55ef13a93e42bd29d774f879a33) Importer(815301076,1909f56bfc062723c751e8b465ee728b) (PreviewImporter) -> (artifact id: '0b058c2fcf60ef8ae6dcac6c16593ee5') in 0.0612435 seconds
Number of updated asset objects reloaded before import = 0Number of asset objects unloaded after import = 21

========================================================================
Received Import Request.
  Time since last request: 0.000031 seconds.
  path: Assets/FBX format/block-snow-corner-low.fbx
  artifactKey: Guid(3877da193c5f1964ea2eb829395fdc9b) Importer(815301076,1909f56bfc062723c751e8b465ee728b)
Start importing Assets/FBX format/block-snow-corner-low.fbx using Guid(3877da193c5f1964ea2eb829395fdc9b) Importer(815301076,1909f56bfc062723c751e8b465ee728b) (PreviewImporter) -> (artifact id: '5bfdec9038837d5af04803a0ff9e2bbc') in 0.0303589 seconds
Number of updated asset objects reloaded before import = 0Number of asset objects unloaded after import = 9

========================================================================
Received Import Request.
  Time since last request: 0.000035 seconds.
  path: Assets/FBX format/block-snow-large-slope-steep.fbx
  artifactKey: Guid(9058a883dbd564347854bc6e79717d3c) Importer(815301076,1909f56bfc062723c751e8b465ee728b)
Start importing Assets/FBX format/block-snow-large-slope-steep.fbx using Guid(9058a883dbd564347854bc6e79717d3c) Importer(815301076,1909f56bfc062723c751e8b465ee728b) (PreviewImporter) -> (artifact id: '7fbcf91b5abc9bf3eca4d0b0ac75d0c9') in 0.0328702 seconds
Number of updated asset objects reloaded before import = 0Number of asset objects unloaded after import = 9

========================================================================
Received Import Request.
  Time since last request: 0.000033 seconds.
  path: Assets/FBX format/block-grass-overhang-corner.fbx
  artifactKey: Guid(27f3ebd9f3e1bf447afd0ae47f7a702d) Importer(815301076,1909f56bfc062723c751e8b465ee728b)
Start importing Assets/FBX format/block-grass-overhang-corner.fbx using Guid(27f3ebd9f3e1bf447afd0ae47f7a702d) Importer(815301076,1909f56bfc062723c751e8b465ee728b) (PreviewImporter) -> (artifact id: '364fd6f084b8300cb788dcc7267c4557') in 0.0320769 seconds
Number of updated asset objects reloaded before import = 0Number of asset objects unloaded after import = 9

========================================================================
Received Import Request.
  Time since last request: 0.000025 seconds.
  path: Assets/FBX format/plant.fbx
  artifactKey: Guid(2faacba530533b941b3e35c87d9b5f39) Importer(815301076,1909f56bfc062723c751e8b465ee728b)
Start importing Assets/FBX format/plant.fbx using Guid(2faacba530533b941b3e35c87d9b5f39) Importer(815301076,1909f56bfc062723c751e8b465ee728b) (PreviewImporter) -> (artifact id: '6cdca0332d5be586a9033c51c252e915') in 0.0316453 seconds
Number of updated asset objects reloaded before import = 0Number of asset objects unloaded after import = 9

========================================================================
Received Import Request.
  Time since last request: 0.000022 seconds.
  path: Assets/FBX format/block-grass-large.fbx
  artifactKey: Guid(f28ef25ba95a63d4aad02ff34718b1a3) Importer(815301076,1909f56bfc062723c751e8b465ee728b)
Start importing Assets/FBX format/block-grass-large.fbx using Guid(f28ef25ba95a63d4aad02ff34718b1a3) Importer(815301076,1909f56bfc062723c751e8b465ee728b) (PreviewImporter) -> (artifact id: '723d93453fb245b768f734a1ce01d61b') in 0.0285773 seconds
Number of updated asset objects reloaded before import = 0Number of asset objects unloaded after import = 9

========================================================================
Received Import Request.
  Time since last request: 0.000042 seconds.
  path: Assets/FBX format/block-grass-large-slope.fbx
  artifactKey: Guid(0bc0392ddbccc364b9f05942439d9a63) Importer(815301076,1909f56bfc062723c751e8b465ee728b)
Start importing Assets/FBX format/block-grass-large-slope.fbx using Guid(0bc0392ddbccc364b9f05942439d9a63) Importer(815301076,1909f56bfc062723c751e8b465ee728b) (PreviewImporter) -> (artifact id: '599e4ca0b33b71b64f0d2ec7ade32b7f') in 0.028535 seconds
Number of updated asset objects reloaded before import = 0Number of asset objects unloaded after import = 9

========================================================================
Received Import Request.
  Time since last request: 0.000041 seconds.
  path: Assets/FBX format/block-grass-corner.fbx
  artifactKey: Guid(44396f773af1dc743b7364bd3ab4a722) Importer(815301076,1909f56bfc062723c751e8b465ee728b)
Start importing Assets/FBX format/block-grass-corner.fbx using Guid(44396f773af1dc743b7364bd3ab4a722) Importer(815301076,1909f56bfc062723c751e8b465ee728b) (PreviewImporter) -> (artifact id: '844a925cb7e1a37a6de3331466c6d274') in 0.030997 seconds
Number of updated asset objects reloaded before import = 0Number of asset objects unloaded after import = 9

========================================================================
Received Import Request.
  Time since last request: 0.000023 seconds.
  path: Assets/FBX format/block-snow-overhang-large-tall.fbx
  artifactKey: Guid(d26de92c50f450a4599fea7d892947fb) Importer(815301076,1909f56bfc062723c751e8b465ee728b)
Start importing Assets/FBX format/block-snow-overhang-large-tall.fbx using Guid(d26de92c50f450a4599fea7d892947fb) Importer(815301076,1909f56bfc062723c751e8b465ee728b) (PreviewImporter) -> (artifact id: '40909c881382616da68d5b2f89d31c08') in 0.0293999 seconds
Number of updated asset objects reloaded before import = 0Number of asset objects unloaded after import = 9

Editor requested this worker to shutdown with reason: Scaling down because of idle timeout
AssetImportWorker is now disconnected from the server
Process exiting
Exiting without the bug reporter. Application will terminate with return code 0