Using pre-set license
Built from '6000.0/staging' branch; Version is '6000.0.58f1 (44b8bf3a3225) revision 4503743'; Using compiler version '193933523'; Build Type 'Release'
OS: 'Windows 10  (10.0.19045) 64bit Core' Language: 'en' Physical Memory: 32645 MB
BatchMode: 1, IsHumanControllingUs: 0, StartBugReporterOnCrash: 0, Is64bit: 1
Date: 2025-10-19T00:37:32Z

COMMAND LINE ARGUMENTS:
D:\Unity\6000.0.58f1\Editor\Unity.exe
-adb2
-batchMode
-noUpm
-name
AssetImportWorker3
-projectPath
C:/Users/PokeM/OneDrive/Documents/GitHub/CS4555-3D-Project/Rollaball
-logFile
Logs/AssetImportWorker3.log
-srvPort
53661
-job-worker-count
5
-background-job-worker-count
8
-gc-helper-count
1
-name
AssetImport
Successfully changed project path to: C:/Users/PokeM/OneDrive/Documents/GitHub/CS4555-3D-Project/Rollaball
C:/Users/PokeM/OneDrive/Documents/GitHub/CS4555-3D-Project/Rollaball
[UnityMemory] Configuration Parameters - Can be set up in boot.config
    "memorysetup-bucket-allocator-granularity=16"
    "memorysetup-bucket-allocator-bucket-count=8"
    "memorysetup-bucket-allocator-block-size=33554432"
    "memorysetup-bucket-allocator-block-count=8"
    "memorysetup-main-allocator-block-size=16777216"
    "memorysetup-thread-allocator-block-size=16777216"
    "memorysetup-gfx-main-allocator-block-size=16777216"
    "memorysetup-gfx-thread-allocator-block-size=16777216"
    "memorysetup-cache-allocator-block-size=4194304"
    "memorysetup-typetree-allocator-block-size=2097152"
    "memorysetup-profiler-bucket-allocator-granularity=16"
    "memorysetup-profiler-bucket-allocator-bucket-count=8"
    "memorysetup-profiler-bucket-allocator-block-size=33554432"
    "memorysetup-profiler-bucket-allocator-block-count=8"
    "memorysetup-profiler-allocator-block-size=16777216"
    "memorysetup-profiler-editor-allocator-block-size=1048576"
    "memorysetup-temp-allocator-size-main=16777216"
    "memorysetup-job-temp-allocator-block-size=2097152"
    "memorysetup-job-temp-allocator-block-size-background=1048576"
    "memorysetup-job-temp-allocator-reduction-small-platforms=262144"
    "memorysetup-allocator-temp-initial-block-size-main=262144"
    "memorysetup-allocator-temp-initial-block-size-worker=262144"
    "memorysetup-temp-allocator-size-background-worker=32768"
    "memorysetup-temp-allocator-size-job-worker=262144"
    "memorysetup-temp-allocator-size-preload-manager=33554432"
    "memorysetup-temp-allocator-size-nav-mesh-worker=65536"
    "memorysetup-temp-allocator-size-audio-worker=65536"
    "memorysetup-temp-allocator-size-cloud-worker=32768"
    "memorysetup-temp-allocator-size-gi-baking-worker=262144"
    "memorysetup-temp-allocator-size-gi-baking-worker=262144"
    "memorysetup-temp-allocator-size-gi-baking-worker=262144"
    "memorysetup-temp-allocator-size-gi-baking-worker=262144"
    "memorysetup-temp-allocator-size-gi-baking-worker=262144"
    "memorysetup-temp-allocator-size-gfx=262144"
Player connection [29080]  Target information:

Player connection [29080]  * "[IP] 192.168.1.83 [Port] 0 [Flags] 2 [Guid] 2333996099 [EditorId] 2333996099 [Version] 1048832 [Id] WindowsEditor(7,Hiyokurenri) [Debug] 1 [PackageName] WindowsEditor [ProjectName] Editor" 

Player connection [29080]  * "[IP] 172.17.112.1 [Port] 0 [Flags] 2 [Guid] 2333996099 [EditorId] 2333996099 [Version] 1048832 [Id] WindowsEditor(7,Hiyokurenri) [Debug] 1 [PackageName] WindowsEditor [ProjectName] Editor" 

Player connection [29080] Host joined multi-casting on [225.0.0.222:54997]...
Player connection [29080] Host joined alternative multi-casting on [225.0.0.222:34997]...
JobSystem: Creating JobQueue using job-worker-count value 5
Input System module state changed to: Initialized.
[Physics::Module] Initialized fallback backend.
[Physics::Module] Id: 0xdecafbad
Library Redirect Path: Library/
[Physics::Module] Selected backend.
[Physics::Module] Name: PhysX
[Physics::Module] Id: 0xf2b8ea05
[Physics::Module] SDK Version: 4.1.2
[Physics::Module] Integration Version: 1.0.0
[Physics::Module] Threading Mode: Multi-Threaded
Refreshing native plugins compatible for Editor in 7.80 ms, found 7 plugins.
Preloading 0 native plugins for Editor in 0.00 ms.
Initialize engine version: 6000.0.58f1 (44b8bf3a3225)
[Subsystems] Discovering subsystems at path D:/Unity/6000.0.58f1/Editor/Data/Resources/UnitySubsystems
[Subsystems] Discovering subsystems at path C:/Users/PokeM/OneDrive/Documents/GitHub/CS4555-3D-Project/Rollaball/Assets
GfxDevice: creating device client; kGfxThreadingModeNonThreaded
Direct3D:
    Version:  Direct3D 11.0 [level 11.1]
    Renderer: NVIDIA GeForce RTX 2080 (ID=0x1e82)
    Vendor:   NVIDIA
    VRAM:     7989 MB
    Driver:   32.0.15.7697
Initialize mono
Mono path[0] = 'D:/Unity/6000.0.58f1/Editor/Data/Managed'
Mono path[1] = 'D:/Unity/6000.0.58f1/Editor/Data/MonoBleedingEdge/lib/mono/unityjit-win32'
Mono config path = 'D:/Unity/6000.0.58f1/Editor/Data/MonoBleedingEdge/etc'
Using monoOptions --debugger-agent=transport=dt_socket,embedding=1,server=y,suspend=n,address=127.0.0.1:56868
Begin MonoManager ReloadAssembly
Registering precompiled unity dll's ...
Register platform support module: D:/Unity/6000.0.58f1/Editor/Data/PlaybackEngines/WebGLSupport/UnityEditor.WebGL.Extensions.dll
Register platform support module: D:/Unity/6000.0.58f1/Editor/Data/PlaybackEngines/WindowsStandaloneSupport/UnityEditor.WindowsStandalone.Extensions.dll
Registered in 0.007791 seconds.
- Loaded All Assemblies, in  0.691 seconds
Native extension for WindowsStandalone target not found
Native extension for WebGL target not found
Mono: successfully reloaded assembly
- Finished resetting the current domain, in  0.817 seconds
Domain Reload Profiling: 1509ms
	BeginReloadAssembly (235ms)
		ExecutionOrderSort (0ms)
		DisableScriptedObjects (0ms)
		BackupInstance (0ms)
		ReleaseScriptingObjects (0ms)
		CreateAndSetChildDomain (1ms)
	RebuildCommonClasses (61ms)
	RebuildNativeTypeToScriptingClass (18ms)
	initialDomainReloadingComplete (88ms)
	LoadAllAssembliesAndSetupDomain (288ms)
		LoadAssemblies (235ms)
		RebuildTransferFunctionScriptingTraits (0ms)
		AnalyzeDomain (282ms)
			TypeCache.Refresh (279ms)
				TypeCache.ScanAssembly (259ms)
			BuildScriptInfoCaches (0ms)
			ResolveRequiredComponents (1ms)
	FinalizeReload (818ms)
		ReleaseScriptCaches (0ms)
		RebuildScriptCaches (0ms)
		SetupLoadedEditorAssemblies (729ms)
			LogAssemblyErrors (0ms)
			InitializePlatformSupportModulesInManaged (40ms)
			SetLoadedEditorAssemblies (8ms)
			BeforeProcessingInitializeOnLoad (160ms)
			ProcessInitializeOnLoadAttributes (389ms)
			ProcessInitializeOnLoadMethodAttributes (131ms)
			AfterProcessingInitializeOnLoad (0ms)
			EditorAssembliesLoaded (0ms)
		ExecutionOrderSort2 (0ms)
		AwakeInstancesAfterBackupRestoration (0ms)
========================================================================
Worker process is ready to serve import requests
Import Worker Mode flag is 0x00
Begin MonoManager ReloadAssembly
- Loaded All Assemblies, in  1.666 seconds
Refreshing native plugins compatible for Editor in 6.03 ms, found 7 plugins.
Native extension for WindowsStandalone target not found
Native extension for WebGL target not found
Package Manager log level set to [2]
[Package Manager] Failed to launch server process. Reason: Unity was launched with the -noUpm command-line argument
[Package Manager] Unable to send message (not connected to server process).
[Package Manager] Cannot connect to Unity Package Manager local server
Mono: successfully reloaded assembly
- Finished resetting the current domain, in  1.776 seconds
Domain Reload Profiling: 3435ms
	BeginReloadAssembly (423ms)
		ExecutionOrderSort (0ms)
		DisableScriptedObjects (10ms)
		BackupInstance (0ms)
		ReleaseScriptingObjects (0ms)
		CreateAndSetChildDomain (58ms)
	RebuildCommonClasses (60ms)
	RebuildNativeTypeToScriptingClass (22ms)
	initialDomainReloadingComplete (58ms)
	LoadAllAssembliesAndSetupDomain (1094ms)
		LoadAssemblies (797ms)
		RebuildTransferFunctionScriptingTraits (0ms)
		AnalyzeDomain (533ms)
			TypeCache.Refresh (398ms)
				TypeCache.ScanAssembly (372ms)
			BuildScriptInfoCaches (106ms)
			ResolveRequiredComponents (20ms)
	FinalizeReload (1777ms)
		ReleaseScriptCaches (0ms)
		RebuildScriptCaches (0ms)
		SetupLoadedEditorAssemblies (1434ms)
			LogAssemblyErrors (0ms)
			InitializePlatformSupportModulesInManaged (5ms)
			SetLoadedEditorAssemblies (10ms)
			BeforeProcessingInitializeOnLoad (278ms)
			ProcessInitializeOnLoadAttributes (1034ms)
			ProcessInitializeOnLoadMethodAttributes (102ms)
			AfterProcessingInitializeOnLoad (3ms)
			EditorAssembliesLoaded (0ms)
		ExecutionOrderSort2 (0ms)
		AwakeInstancesAfterBackupRestoration (13ms)
WARNING: Shader Unsupported: 'Hidden/Builtin_TerrainVisualization' - All subshaders removed
WARNING: Shader Did you use #pragma only_renderers and omit this platform?
WARNING: Shader If subshaders removal was intentional, you may have forgotten turning Fallback off?
WARNING: Shader Unsupported: 'Hidden/Builtin_TerrainVisualization' - All subshaders removed
WARNING: Shader Did you use #pragma only_renderers and omit this platform?
WARNING: Shader If subshaders removal was intentional, you may have forgotten turning Fallback off?
Launched and connected shader compiler UnityShaderCompiler.exe after 0.04 seconds
Refreshing native plugins compatible for Editor in 37.21 ms, found 7 plugins.
Preloading 0 native plugins for Editor in 0.00 ms.
Unloading 37 Unused Serialized files (Serialized files now loaded: 0)
Unloading 6661 unused Assets / (4.7 MB). Loaded Objects now: 7408.
Memory consumption went from 152.0 MB to 147.4 MB.
Total: 40.609200 ms (FindLiveObjects: 1.592700 ms CreateObjectMapping: 2.702900 ms MarkObjects: 30.586800 ms  DeleteObjects: 5.725000 ms)

========================================================================
Received Import Request.
  Time since last request: 147141.211069 seconds.
  path: Assets/belfast_sunset_puresky_4k.png
  artifactKey: Guid(a75623976a9dbd041b2c87182762ad6c) Importer(815301076,1909f56bfc062723c751e8b465ee728b)
Start importing Assets/belfast_sunset_puresky_4k.png using Guid(a75623976a9dbd041b2c87182762ad6c) Importer(815301076,1909f56bfc062723c751e8b465ee728b) (PreviewImporter) -> (artifact id: '46bba67b9c7a59d9c5e368fac5e5ef79') in 0.5131106 seconds
Number of updated asset objects reloaded before import = 0Number of asset objects unloaded after import = 2

========================================================================
Received Import Request.
  Time since last request: 0.000030 seconds.
  path: Assets/Readme.asset
  artifactKey: Guid(8105016687592461f977c054a80ce2f2) Importer(815301076,1909f56bfc062723c751e8b465ee728b)
Start importing Assets/Readme.asset using Guid(8105016687592461f977c054a80ce2f2) Importer(815301076,1909f56bfc062723c751e8b465ee728b) (PreviewImporter) -> (artifact id: '7564957e633b305f4e69560a9de8e20a') in 0.032526 seconds
Number of updated asset objects reloaded before import = 0Number of asset objects unloaded after import = 1

========================================================================
Received Import Request.
  Time since last request: 0.000416 seconds.
  path: Assets/New Material.mat
  artifactKey: Guid(3baccfd4a2f2fe14f9c29322d0b3501c) Importer(815301076,1909f56bfc062723c751e8b465ee728b)
Start importing Assets/New Material.mat using Guid(3baccfd4a2f2fe14f9c29322d0b3501c) Importer(815301076,1909f56bfc062723c751e8b465ee728b) (PreviewImporter) -> (artifact id: '64e5dd3b6c7583e471d667629ed2d0d8') in 1.5031219 seconds
Number of updated asset objects reloaded before import = 0Number of asset objects unloaded after import = 2

========================================================================
Received Import Request.
  Time since last request: 621.911273 seconds.
  path: Assets/Kenenny Models/Ken-Graveyard/altar-stone.fbx
  artifactKey: Guid(42812abf28ba50c4c894d56d306cb394) Importer(815301076,1909f56bfc062723c751e8b465ee728b)
Start importing Assets/Kenenny Models/Ken-Graveyard/altar-stone.fbx using Guid(42812abf28ba50c4c894d56d306cb394) Importer(815301076,1909f56bfc062723c751e8b465ee728b) (PreviewImporter) -> (artifact id: 'dd008fe7ee90590ca1c981acf52ce86b') in 15.1554416 seconds
Number of updated asset objects reloaded before import = 0Number of asset objects unloaded after import = 9

========================================================================
Received Import Request.
  Time since last request: 0.000084 seconds.
  path: Assets/Kenenny Models/FBX format/room-corner.fbx
  artifactKey: Guid(12056f9efa943cb49a66436619137789) Importer(815301076,1909f56bfc062723c751e8b465ee728b)
Start importing Assets/Kenenny Models/FBX format/room-corner.fbx using Guid(12056f9efa943cb49a66436619137789) Importer(815301076,1909f56bfc062723c751e8b465ee728b) (PreviewImporter) -> (artifact id: '9ea6bd997d6d90290e7938e759be8c1c') in 0.1649175 seconds
Number of updated asset objects reloaded before import = 0Number of asset objects unloaded after import = 9

========================================================================
Received Import Request.
  Time since last request: 0.000280 seconds.
  path: Assets/Kenenny Models/FBX format/stairs.fbx
  artifactKey: Guid(5d69d20bd71b053438d57c2180a65903) Importer(815301076,1909f56bfc062723c751e8b465ee728b)
Start importing Assets/Kenenny Models/FBX format/stairs.fbx using Guid(5d69d20bd71b053438d57c2180a65903) Importer(815301076,1909f56bfc062723c751e8b465ee728b) (PreviewImporter) -> (artifact id: '6beab676fbe57a8df58c7dcb99532a4e') in 0.2185227 seconds
Number of updated asset objects reloaded before import = 0Number of asset objects unloaded after import = 9

========================================================================
Received Import Request.
  Time since last request: 0.000095 seconds.
  path: Assets/Kenenny Models/FBX format/corridor-corner.fbx
  artifactKey: Guid(e3ff83d9a6ba77f49a6cff97a13706e2) Importer(815301076,1909f56bfc062723c751e8b465ee728b)
Start importing Assets/Kenenny Models/FBX format/corridor-corner.fbx using Guid(e3ff83d9a6ba77f49a6cff97a13706e2) Importer(815301076,1909f56bfc062723c751e8b465ee728b) (PreviewImporter) -> (artifact id: 'e8c83c706d50766c59341f1c3ee5d4c8') in 0.4329616 seconds
Number of updated asset objects reloaded before import = 0Number of asset objects unloaded after import = 9

========================================================================
Received Import Request.
  Time since last request: 0.000055 seconds.
  path: Assets/Kenenny Models/Ken-Graveyard/crypt-large-roof.fbx
  artifactKey: Guid(51fd49934792def49a446a037b1f5d32) Importer(815301076,1909f56bfc062723c751e8b465ee728b)
Start importing Assets/Kenenny Models/Ken-Graveyard/crypt-large-roof.fbx using Guid(51fd49934792def49a446a037b1f5d32) Importer(815301076,1909f56bfc062723c751e8b465ee728b) (PreviewImporter) -> (artifact id: '50a43c3246b33ba9941359e807e963ab') in 0.2160398 seconds
Number of updated asset objects reloaded before import = 0Number of asset objects unloaded after import = 9

========================================================================
Received Import Request.
  Time since last request: 0.000040 seconds.
  path: Assets/FBX format/arrows.fbx
  artifactKey: Guid(366cd851ef61d0f4cac9a7ba4baec6ea) Importer(815301076,1909f56bfc062723c751e8b465ee728b)
Start importing Assets/FBX format/arrows.fbx using Guid(366cd851ef61d0f4cac9a7ba4baec6ea) Importer(815301076,1909f56bfc062723c751e8b465ee728b) (PreviewImporter) -> (artifact id: 'b463516a5ea8b5545591ed97b4b89301') in 0.3098518 seconds
Number of updated asset objects reloaded before import = 0Number of asset objects unloaded after import = 9

========================================================================
Received Import Request.
  Time since last request: 0.000058 seconds.
  path: Assets/Kenenny Models/Ken-Arena/border-straight.fbx
  artifactKey: Guid(07f2be0a643ca954594024aaf9e36b35) Importer(815301076,1909f56bfc062723c751e8b465ee728b)
Start importing Assets/Kenenny Models/Ken-Arena/border-straight.fbx using Guid(07f2be0a643ca954594024aaf9e36b35) Importer(815301076,1909f56bfc062723c751e8b465ee728b) (PreviewImporter) -> (artifact id: '28c61436db8b74647c7c1f3f76dfb187') in 0.5259247 seconds
Number of updated asset objects reloaded before import = 0Number of asset objects unloaded after import = 9

========================================================================
Received Import Request.
  Time since last request: 0.000037 seconds.
  path: Assets/Kenenny Models/Ken-Graveyard/gravestone-broken.fbx
  artifactKey: Guid(753278c9a1c38e7449268d8990791a48) Importer(815301076,1909f56bfc062723c751e8b465ee728b)
Start importing Assets/Kenenny Models/Ken-Graveyard/gravestone-broken.fbx using Guid(753278c9a1c38e7449268d8990791a48) Importer(815301076,1909f56bfc062723c751e8b465ee728b) (PreviewImporter) -> (artifact id: '2d23a18a78dddbd7eee83006fc1e867b') in 0.1587242 seconds
Number of updated asset objects reloaded before import = 0Number of asset objects unloaded after import = 9

========================================================================
Received Import Request.
  Time since last request: 0.000050 seconds.
  path: Assets/Kenenny Models/Ken-Graveyard/gravestone-flat-open.fbx
  artifactKey: Guid(917e2133383239d4eb25c4aee7b0524e) Importer(815301076,1909f56bfc062723c751e8b465ee728b)
Start importing Assets/Kenenny Models/Ken-Graveyard/gravestone-flat-open.fbx using Guid(917e2133383239d4eb25c4aee7b0524e) Importer(815301076,1909f56bfc062723c751e8b465ee728b) (PreviewImporter) -> (artifact id: 'b0828676307f10038f88ffd6d7e8a397') in 0.2567986 seconds
Number of updated asset objects reloaded before import = 0Number of asset objects unloaded after import = 14

========================================================================
Received Import Request.
  Time since last request: 0.000050 seconds.
  path: Assets/Kenenny Models/FBX format/gate-door-window.fbx
  artifactKey: Guid(6eae434596a1a4441b41738d86b38199) Importer(815301076,1909f56bfc062723c751e8b465ee728b)
Start importing Assets/Kenenny Models/FBX format/gate-door-window.fbx using Guid(6eae434596a1a4441b41738d86b38199) Importer(815301076,1909f56bfc062723c751e8b465ee728b) (PreviewImporter) -> (artifact id: 'ee4031c9c1d269fb05caaf3df7bc1af9') in 0.1834306 seconds
Number of updated asset objects reloaded before import = 0Number of asset objects unloaded after import = 17

========================================================================
Received Import Request.
  Time since last request: 0.000056 seconds.
  path: Assets/Kenenny Models/Ken-Graveyard/gravestone-bevel.fbx
  artifactKey: Guid(546aca62545986b439da2c4559decd2f) Importer(815301076,1909f56bfc062723c751e8b465ee728b)
Start importing Assets/Kenenny Models/Ken-Graveyard/gravestone-bevel.fbx using Guid(546aca62545986b439da2c4559decd2f) Importer(815301076,1909f56bfc062723c751e8b465ee728b) (PreviewImporter) -> (artifact id: '0383d39bc04dc55dfc0f9c49ffe82773') in 0.0634106 seconds
Number of updated asset objects reloaded before import = 0Number of asset objects unloaded after import = 9

========================================================================
Received Import Request.
  Time since last request: 0.000043 seconds.
  path: Assets/Kenenny Models/Ken-Graveyard/character-vampire.fbx
  artifactKey: Guid(d4d6a62a998adcc4bb71aa485d8e2993) Importer(815301076,1909f56bfc062723c751e8b465ee728b)
Start importing Assets/Kenenny Models/Ken-Graveyard/character-vampire.fbx using Guid(d4d6a62a998adcc4bb71aa485d8e2993) Importer(815301076,1909f56bfc062723c751e8b465ee728b) (PreviewImporter) -> (artifact id: 'f4b61238e465b97efe22d4ffc426f03b') in 0.1749071 seconds
Number of updated asset objects reloaded before import = 0Number of asset objects unloaded after import = 68

========================================================================
Received Import Request.
  Time since last request: 0.000046 seconds.
  path: Assets/FBX format/block-grass-corner-overhang-low.fbx
  artifactKey: Guid(aaf194060e39c3d489d4dbec5deb5d56) Importer(815301076,1909f56bfc062723c751e8b465ee728b)
Start importing Assets/FBX format/block-grass-corner-overhang-low.fbx using Guid(aaf194060e39c3d489d4dbec5deb5d56) Importer(815301076,1909f56bfc062723c751e8b465ee728b) (PreviewImporter) -> (artifact id: '135f7e845903e31e6d9c2d770ad3c1ed') in 0.0882195 seconds
Number of updated asset objects reloaded before import = 0Number of asset objects unloaded after import = 9

========================================================================
Received Import Request.
  Time since last request: 0.000037 seconds.
  path: Assets/Kenenny Models/FBX format/template-wall-detail-a.fbx
  artifactKey: Guid(54fafb9e971611e428f4f8e768e4da43) Importer(815301076,1909f56bfc062723c751e8b465ee728b)
Start importing Assets/Kenenny Models/FBX format/template-wall-detail-a.fbx using Guid(54fafb9e971611e428f4f8e768e4da43) Importer(815301076,1909f56bfc062723c751e8b465ee728b) (PreviewImporter) -> (artifact id: 'a6950e15670fa7e9e5c1f89b74494333') in 0.0687121 seconds
Number of updated asset objects reloaded before import = 0Number of asset objects unloaded after import = 9

========================================================================
Received Import Request.
  Time since last request: 0.000074 seconds.
  path: Assets/VFX/UnityTechnologies/EffectExamples/Shared/Models/BackGround.FBX
  artifactKey: Guid(f4527c479041fc040b53171204c086a5) Importer(815301076,1909f56bfc062723c751e8b465ee728b)
Start importing Assets/VFX/UnityTechnologies/EffectExamples/Shared/Models/BackGround.FBX using Guid(f4527c479041fc040b53171204c086a5) Importer(815301076,1909f56bfc062723c751e8b465ee728b) (PreviewImporter) -> (artifact id: 'd0b9c26c6f79ce60601818552a991c7a') in 0.0502121 seconds
Number of updated asset objects reloaded before import = 0Number of asset objects unloaded after import = 8

========================================================================
Received Import Request.
  Time since last request: 0.000073 seconds.
  path: Assets/Kenenny Models/Ken-Graveyard/character-skeleton.fbx
  artifactKey: Guid(6eb298c531bc5714fbbd25cc46413d07) Importer(815301076,1909f56bfc062723c751e8b465ee728b)
Start importing Assets/Kenenny Models/Ken-Graveyard/character-skeleton.fbx using Guid(6eb298c531bc5714fbbd25cc46413d07) Importer(815301076,1909f56bfc062723c751e8b465ee728b) (PreviewImporter) -> (artifact id: '12368021f878591ea5ab684061db020f') in 0.1392964 seconds
Number of updated asset objects reloaded before import = 0Number of asset objects unloaded after import = 63

========================================================================
Received Import Request.
  Time since last request: 0.000095 seconds.
  path: Assets/Kenenny Models/Ken-Graveyard/character-digger.fbx
  artifactKey: Guid(37b01038a0f533847888d14dfce6f99a) Importer(815301076,1909f56bfc062723c751e8b465ee728b)
Start importing Assets/Kenenny Models/Ken-Graveyard/character-digger.fbx using Guid(37b01038a0f533847888d14dfce6f99a) Importer(815301076,1909f56bfc062723c751e8b465ee728b) (PreviewImporter) -> (artifact id: '519a70ede5d02bcef40a5ea1e5c9dc31') in 0.1400003 seconds
Number of updated asset objects reloaded before import = 0Number of asset objects unloaded after import = 63

========================================================================
Received Import Request.
  Time since last request: 0.000049 seconds.
  path: Assets/Kenenny Models/Ken-Graveyard/trunk-long.fbx
  artifactKey: Guid(2110fd53da0e5f044b3f47db71db4102) Importer(815301076,1909f56bfc062723c751e8b465ee728b)
Start importing Assets/Kenenny Models/Ken-Graveyard/trunk-long.fbx using Guid(2110fd53da0e5f044b3f47db71db4102) Importer(815301076,1909f56bfc062723c751e8b465ee728b) (PreviewImporter) -> (artifact id: '967d75cc761db6e377b14c012062c27e') in 0.0578524 seconds
Number of updated asset objects reloaded before import = 0Number of asset objects unloaded after import = 9

========================================================================
Received Import Request.
  Time since last request: 0.000045 seconds.
  path: Assets/Kenenny Models/Ken-Graveyard/pillar-small.fbx
  artifactKey: Guid(84c0c7399c120da4283e99e3c3eb8287) Importer(815301076,1909f56bfc062723c751e8b465ee728b)
Start importing Assets/Kenenny Models/Ken-Graveyard/pillar-small.fbx using Guid(84c0c7399c120da4283e99e3c3eb8287) Importer(815301076,1909f56bfc062723c751e8b465ee728b) (PreviewImporter) -> (artifact id: 'c3dbaa49759e2e070772307081a50144') in 0.0623488 seconds
Number of updated asset objects reloaded before import = 0Number of asset objects unloaded after import = 9

========================================================================
Received Import Request.
  Time since last request: 0.000055 seconds.
  path: Assets/Kenenny Models/Ken-Graveyard/lightpost-all.fbx
  artifactKey: Guid(e0a366e5cdb98aa419f28e1aaec35683) Importer(815301076,1909f56bfc062723c751e8b465ee728b)
Start importing Assets/Kenenny Models/Ken-Graveyard/lightpost-all.fbx using Guid(e0a366e5cdb98aa419f28e1aaec35683) Importer(815301076,1909f56bfc062723c751e8b465ee728b) (PreviewImporter) -> (artifact id: '36d7346f551e11ad76f9c7d0db7ccc32') in 0.0668324 seconds
Number of updated asset objects reloaded before import = 0Number of asset objects unloaded after import = 9

========================================================================
Received Import Request.
  Time since last request: 0.000088 seconds.
  path: Assets/Kenenny Models/Ken-Graveyard/pumpkin-tall-carved.fbx
  artifactKey: Guid(2b3fa69416f4a1c4390337fa45555d48) Importer(815301076,1909f56bfc062723c751e8b465ee728b)
Start importing Assets/Kenenny Models/Ken-Graveyard/pumpkin-tall-carved.fbx using Guid(2b3fa69416f4a1c4390337fa45555d48) Importer(815301076,1909f56bfc062723c751e8b465ee728b) (PreviewImporter) -> (artifact id: '8a96914542586674b090b9f5e1745f1d') in 0.0589034 seconds
Number of updated asset objects reloaded before import = 0Number of asset objects unloaded after import = 9

========================================================================
Received Import Request.
  Time since last request: 0.000068 seconds.
  path: Assets/FBX format/block-grass-large-slope.fbx
  artifactKey: Guid(0bc0392ddbccc364b9f05942439d9a63) Importer(815301076,1909f56bfc062723c751e8b465ee728b)
Start importing Assets/FBX format/block-grass-large-slope.fbx using Guid(0bc0392ddbccc364b9f05942439d9a63) Importer(815301076,1909f56bfc062723c751e8b465ee728b) (PreviewImporter) -> (artifact id: '9eb4aff5a402daa429e8c695fb44feb9') in 0.0687887 seconds
Number of updated asset objects reloaded before import = 0Number of asset objects unloaded after import = 9

========================================================================
Received Import Request.
  Time since last request: 0.000058 seconds.
  path: Assets/FBX format/block-grass-hexagon.fbx
  artifactKey: Guid(9aa015b71e6b7424686571050d3fb1e7) Importer(815301076,1909f56bfc062723c751e8b465ee728b)
Start importing Assets/FBX format/block-grass-hexagon.fbx using Guid(9aa015b71e6b7424686571050d3fb1e7) Importer(815301076,1909f56bfc062723c751e8b465ee728b) (PreviewImporter) -> (artifact id: '5a54f3ab55e2c5ce1e1044dcf49d9a42') in 0.0734259 seconds
Number of updated asset objects reloaded before import = 0Number of asset objects unloaded after import = 9

========================================================================
Received Import Request.
  Time since last request: 0.000056 seconds.
  path: Assets/Kenenny Models/FBX format/template-detail.fbx
  artifactKey: Guid(5bcfd6ed1f8bd1842967c4d547aa7d15) Importer(815301076,1909f56bfc062723c751e8b465ee728b)
Start importing Assets/Kenenny Models/FBX format/template-detail.fbx using Guid(5bcfd6ed1f8bd1842967c4d547aa7d15) Importer(815301076,1909f56bfc062723c751e8b465ee728b) (PreviewImporter) -> (artifact id: '05aba80149bc6cc04eb1fe24c1072ca1') in 0.0702301 seconds
Number of updated asset objects reloaded before import = 0Number of asset objects unloaded after import = 9

========================================================================
Received Import Request.
  Time since last request: 0.000175 seconds.
  path: Assets/Kenenny Models/Ken-Graveyard/border-pillar.fbx
  artifactKey: Guid(5645ded89b03bea4e86542c039b3a9d4) Importer(815301076,1909f56bfc062723c751e8b465ee728b)
Start importing Assets/Kenenny Models/Ken-Graveyard/border-pillar.fbx using Guid(5645ded89b03bea4e86542c039b3a9d4) Importer(815301076,1909f56bfc062723c751e8b465ee728b) (PreviewImporter) -> (artifact id: '900cb34241f421d6ae5024e26ba671ba') in 0.071211 seconds
Number of updated asset objects reloaded before import = 0Number of asset objects unloaded after import = 9

========================================================================
Received Import Request.
  Time since last request: 0.000068 seconds.
  path: Assets/Kenenny Models/FBX format/corridor-end.fbx
  artifactKey: Guid(20671f83533991e40bce6feb645567b5) Importer(815301076,1909f56bfc062723c751e8b465ee728b)
Start importing Assets/Kenenny Models/FBX format/corridor-end.fbx using Guid(20671f83533991e40bce6feb645567b5) Importer(815301076,1909f56bfc062723c751e8b465ee728b) (PreviewImporter) -> (artifact id: 'fd9573be465a5ebf3f9fe6a92a957680') in 0.0814135 seconds
Number of updated asset objects reloaded before import = 0Number of asset objects unloaded after import = 9

========================================================================
Received Import Request.
  Time since last request: 0.000053 seconds.
  path: Assets/Kenenny Models/Ken-Graveyard/hay-bale.fbx
  artifactKey: Guid(e2c7e4c16bafce34da8c0d2f1b8e25dd) Importer(815301076,1909f56bfc062723c751e8b465ee728b)
Start importing Assets/Kenenny Models/Ken-Graveyard/hay-bale.fbx using Guid(e2c7e4c16bafce34da8c0d2f1b8e25dd) Importer(815301076,1909f56bfc062723c751e8b465ee728b) (PreviewImporter) -> (artifact id: '015b345582e5593afcc046dcb847e6d8') in 0.0656659 seconds
Number of updated asset objects reloaded before import = 0Number of asset objects unloaded after import = 9

========================================================================
Received Import Request.
  Time since last request: 0.000056 seconds.
  path: Assets/Kenenny Models/Ken-Graveyard/gravestone-round.fbx
  artifactKey: Guid(397f713735ad1304ab9d95e39621e343) Importer(815301076,1909f56bfc062723c751e8b465ee728b)
Start importing Assets/Kenenny Models/Ken-Graveyard/gravestone-round.fbx using Guid(397f713735ad1304ab9d95e39621e343) Importer(815301076,1909f56bfc062723c751e8b465ee728b) (PreviewImporter) -> (artifact id: '9a060bed808c4bcf4bb61a28ca2ab7ec') in 0.0775845 seconds
Number of updated asset objects reloaded before import = 0Number of asset objects unloaded after import = 9

========================================================================
Received Import Request.
  Time since last request: 0.000053 seconds.
  path: Assets/Kenenny Models/FBX format/template-floor-big.fbx
  artifactKey: Guid(1c4dc7a5e48d0a945b26c16538583e9b) Importer(815301076,1909f56bfc062723c751e8b465ee728b)
Start importing Assets/Kenenny Models/FBX format/template-floor-big.fbx using Guid(1c4dc7a5e48d0a945b26c16538583e9b) Importer(815301076,1909f56bfc062723c751e8b465ee728b) (PreviewImporter) -> (artifact id: '9370145dd6a6a6c672ebc2bfeff3ead4') in 0.0642355 seconds
Number of updated asset objects reloaded before import = 0Number of asset objects unloaded after import = 9

========================================================================
Received Import Request.
  Time since last request: 0.000070 seconds.
  path: Assets/Kenenny Models/Ken-Graveyard/shovel.fbx
  artifactKey: Guid(d15782237f7904946824842c7f6d7128) Importer(815301076,1909f56bfc062723c751e8b465ee728b)
Start importing Assets/Kenenny Models/Ken-Graveyard/shovel.fbx using Guid(d15782237f7904946824842c7f6d7128) Importer(815301076,1909f56bfc062723c751e8b465ee728b) (PreviewImporter) -> (artifact id: '6412977a13d7feefa73fbb870778ff39') in 0.0678634 seconds
Number of updated asset objects reloaded before import = 0Number of asset objects unloaded after import = 9

========================================================================
Received Import Request.
  Time since last request: 0.000046 seconds.
  path: Assets/Kenenny Models/Ken-Graveyard/detail-plate.fbx
  artifactKey: Guid(0cec9493457ae854ba67fd011c927b65) Importer(815301076,1909f56bfc062723c751e8b465ee728b)
Start importing Assets/Kenenny Models/Ken-Graveyard/detail-plate.fbx using Guid(0cec9493457ae854ba67fd011c927b65) Importer(815301076,1909f56bfc062723c751e8b465ee728b) (PreviewImporter) -> (artifact id: '9ee784842da6d51fadef6c2dd1749ee0') in 0.0688168 seconds
Number of updated asset objects reloaded before import = 0Number of asset objects unloaded after import = 9

========================================================================
Received Import Request.
  Time since last request: 0.000063 seconds.
  path: Assets/Kenenny Models/Ken-Graveyard/pillar-square.fbx
  artifactKey: Guid(1005a0ce82c5adf49b7489ec642e04a0) Importer(815301076,1909f56bfc062723c751e8b465ee728b)
Start importing Assets/Kenenny Models/Ken-Graveyard/pillar-square.fbx using Guid(1005a0ce82c5adf49b7489ec642e04a0) Importer(815301076,1909f56bfc062723c751e8b465ee728b) (PreviewImporter) -> (artifact id: 'a94d3aa77edc4a387ce426b906905a31') in 0.0752684 seconds
Number of updated asset objects reloaded before import = 0Number of asset objects unloaded after import = 9

========================================================================
Received Import Request.
  Time since last request: 0.000060 seconds.
  path: Assets/Kenenny Models/Ken-Graveyard/gravestone-decorative.fbx
  artifactKey: Guid(c402ce20fd61bd846bac14f66d1aad89) Importer(815301076,1909f56bfc062723c751e8b465ee728b)
Start importing Assets/Kenenny Models/Ken-Graveyard/gravestone-decorative.fbx using Guid(c402ce20fd61bd846bac14f66d1aad89) Importer(815301076,1909f56bfc062723c751e8b465ee728b) (PreviewImporter) -> (artifact id: 'dc2b471b15cb29d239ad535444773b0f') in 0.0707083 seconds
Number of updated asset objects reloaded before import = 0Number of asset objects unloaded after import = 9

========================================================================
Received Import Request.
  Time since last request: 0.000059 seconds.
  path: Assets/Kenenny Models/Ken-Graveyard/pumpkin-tall.fbx
  artifactKey: Guid(0f25142b110516f4a8b20bfdf47995b5) Importer(815301076,1909f56bfc062723c751e8b465ee728b)
Start importing Assets/Kenenny Models/Ken-Graveyard/pumpkin-tall.fbx using Guid(0f25142b110516f4a8b20bfdf47995b5) Importer(815301076,1909f56bfc062723c751e8b465ee728b) (PreviewImporter) -> (artifact id: '3f17a9ad091a8550de9616381d02fd79') in 0.0744675 seconds
Number of updated asset objects reloaded before import = 0Number of asset objects unloaded after import = 9

========================================================================
Received Import Request.
  Time since last request: 0.000090 seconds.
  path: Assets/Obstacle Pack/Models/Barrel.fbx
  artifactKey: Guid(52e26d33b8b52409482f49a688e7110f) Importer(815301076,1909f56bfc062723c751e8b465ee728b)
Start importing Assets/Obstacle Pack/Models/Barrel.fbx using Guid(52e26d33b8b52409482f49a688e7110f) Importer(815301076,1909f56bfc062723c751e8b465ee728b) (PreviewImporter) -> (artifact id: '3819a9d6d7cf77d34bfe1abdca27fb5d') in 0.0910109 seconds
Number of updated asset objects reloaded before import = 0Number of asset objects unloaded after import = 9

========================================================================
Received Import Request.
  Time since last request: 0.000050 seconds.
  path: Assets/VFX/UnityTechnologies/EffectExamples/Misc Effects/Prefabs/DustMotesEffect.prefab
  artifactKey: Guid(5ca4c580b3888314581688fa46fb142d) Importer(815301076,1909f56bfc062723c751e8b465ee728b)
Start importing Assets/VFX/UnityTechnologies/EffectExamples/Misc Effects/Prefabs/DustMotesEffect.prefab using Guid(5ca4c580b3888314581688fa46fb142d) Importer(815301076,1909f56bfc062723c751e8b465ee728b) (PreviewImporter) -> (artifact id: '34b490043fe09f39d0e96c596fe969a9') in 0.0614935 seconds
Number of updated asset objects reloaded before import = 0Number of asset objects unloaded after import = 8

========================================================================
Received Import Request.
  Time since last request: 0.000066 seconds.
  path: Assets/Kenenny Models/Ken-Graveyard/brick-wall-curve.fbx
  artifactKey: Guid(a159ed1e12d8c194bb13c17ae27f80ba) Importer(815301076,1909f56bfc062723c751e8b465ee728b)
Start importing Assets/Kenenny Models/Ken-Graveyard/brick-wall-curve.fbx using Guid(a159ed1e12d8c194bb13c17ae27f80ba) Importer(815301076,1909f56bfc062723c751e8b465ee728b) (PreviewImporter) -> (artifact id: '378009259e53bd8151072add2551b8f8') in 0.0979712 seconds
Number of updated asset objects reloaded before import = 0Number of asset objects unloaded after import = 9

========================================================================
Received Import Request.
  Time since last request: 0.000055 seconds.
  path: Assets/Kenenny Models/Ken-Graveyard/shovel-dirt.fbx
  artifactKey: Guid(4b33cf6659139984f955f498aa61bb77) Importer(815301076,1909f56bfc062723c751e8b465ee728b)
Start importing Assets/Kenenny Models/Ken-Graveyard/shovel-dirt.fbx using Guid(4b33cf6659139984f955f498aa61bb77) Importer(815301076,1909f56bfc062723c751e8b465ee728b) (PreviewImporter) -> (artifact id: 'e6e90039ca664ace39983f0685bc2fdf') in 0.0762744 seconds
Number of updated asset objects reloaded before import = 0Number of asset objects unloaded after import = 9

========================================================================
Received Import Request.
  Time since last request: 0.000072 seconds.
  path: Assets/Kenenny Models/Ken-Graveyard/road.fbx
  artifactKey: Guid(5b610249394fd1a4080283d9414edda9) Importer(815301076,1909f56bfc062723c751e8b465ee728b)
Start importing Assets/Kenenny Models/Ken-Graveyard/road.fbx using Guid(5b610249394fd1a4080283d9414edda9) Importer(815301076,1909f56bfc062723c751e8b465ee728b) (PreviewImporter) -> (artifact id: '18cf2569beaff883f8d2351471af9fa5') in 0.0716244 seconds
Number of updated asset objects reloaded before import = 0Number of asset objects unloaded after import = 9

========================================================================
Received Import Request.
  Time since last request: 0.000068 seconds.
  path: Assets/Kenenny Models/Ken-Graveyard/stone-wall-damaged.fbx
  artifactKey: Guid(71e1a9c87505b2b42b73a47f50d33513) Importer(815301076,1909f56bfc062723c751e8b465ee728b)
Start importing Assets/Kenenny Models/Ken-Graveyard/stone-wall-damaged.fbx using Guid(71e1a9c87505b2b42b73a47f50d33513) Importer(815301076,1909f56bfc062723c751e8b465ee728b) (PreviewImporter) -> (artifact id: 'a7f33b9cf33d87243edc17fdb3113e52') in 0.0659451 seconds
Number of updated asset objects reloaded before import = 0Number of asset objects unloaded after import = 9

========================================================================
Received Import Request.
  Time since last request: 0.000048 seconds.
  path: Assets/Kenenny Models/Ken-Graveyard/hay-bale-bundled.fbx
  artifactKey: Guid(50dd7bd0fc352e842b8aa6cce09f58db) Importer(815301076,1909f56bfc062723c751e8b465ee728b)
Start importing Assets/Kenenny Models/Ken-Graveyard/hay-bale-bundled.fbx using Guid(50dd7bd0fc352e842b8aa6cce09f58db) Importer(815301076,1909f56bfc062723c751e8b465ee728b) (PreviewImporter) -> (artifact id: '92db6ea4e3a967f9aa0f4df7696fb4b3') in 0.0645652 seconds
Number of updated asset objects reloaded before import = 0Number of asset objects unloaded after import = 9

========================================================================
Received Import Request.
  Time since last request: 0.000072 seconds.
  path: Assets/FBX format/block-grass-overhang-edge.fbx
  artifactKey: Guid(abe71f031b721fb42b3f9b2a13eeea74) Importer(815301076,1909f56bfc062723c751e8b465ee728b)
Start importing Assets/FBX format/block-grass-overhang-edge.fbx using Guid(abe71f031b721fb42b3f9b2a13eeea74) Importer(815301076,1909f56bfc062723c751e8b465ee728b) (PreviewImporter) -> (artifact id: '9f003c270fc1ee76f06c46d7c5e81d7b') in 0.0843584 seconds
Number of updated asset objects reloaded before import = 0Number of asset objects unloaded after import = 9

========================================================================
Received Import Request.
  Time since last request: 0.000045 seconds.
  path: Assets/Kenenny Models/Ken-Graveyard/brick-wall-curve-small.fbx
  artifactKey: Guid(ec50d7e348b15964293411cf7bf98541) Importer(815301076,1909f56bfc062723c751e8b465ee728b)
Start importing Assets/Kenenny Models/Ken-Graveyard/brick-wall-curve-small.fbx using Guid(ec50d7e348b15964293411cf7bf98541) Importer(815301076,1909f56bfc062723c751e8b465ee728b) (PreviewImporter) -> (artifact id: 'd50a6b90fe4f78555097b58513b7caf3') in 0.0651928 seconds
Number of updated asset objects reloaded before import = 0Number of asset objects unloaded after import = 9

========================================================================
Received Import Request.
  Time since last request: 0.000084 seconds.
  path: Assets/Kenenny Models/FBX format/room-large.fbx
  artifactKey: Guid(138692917001bf84f977c963b3c7466a) Importer(815301076,1909f56bfc062723c751e8b465ee728b)
Start importing Assets/Kenenny Models/FBX format/room-large.fbx using Guid(138692917001bf84f977c963b3c7466a) Importer(815301076,1909f56bfc062723c751e8b465ee728b) (PreviewImporter) -> (artifact id: 'cbd86a3b3d71feb25aed7e104acaa318') in 0.1538891 seconds
Number of updated asset objects reloaded before import = 0Number of asset objects unloaded after import = 9

========================================================================
Received Import Request.
  Time since last request: 0.000048 seconds.
  path: Assets/Kenenny Models/Ken-Graveyard/crypt-small-roof.fbx
  artifactKey: Guid(013ee6383dca8664da6a95e193f2e98d) Importer(815301076,1909f56bfc062723c751e8b465ee728b)
Start importing Assets/Kenenny Models/Ken-Graveyard/crypt-small-roof.fbx using Guid(013ee6383dca8664da6a95e193f2e98d) Importer(815301076,1909f56bfc062723c751e8b465ee728b) (PreviewImporter) -> (artifact id: '046c250a1dd5b730110c195b4d7e9e72') in 0.0823011 seconds
Number of updated asset objects reloaded before import = 0Number of asset objects unloaded after import = 9

========================================================================
Received Import Request.
  Time since last request: 0.000083 seconds.
  path: Assets/Kenenny Models/Ken-Graveyard/cross-wood.fbx
  artifactKey: Guid(4a37bcf1865f04b44aa6063521456bd4) Importer(815301076,1909f56bfc062723c751e8b465ee728b)
Start importing Assets/Kenenny Models/Ken-Graveyard/cross-wood.fbx using Guid(4a37bcf1865f04b44aa6063521456bd4) Importer(815301076,1909f56bfc062723c751e8b465ee728b) (PreviewImporter) -> (artifact id: '3bd82ea93fb005e33b99eda9523281af') in 0.0756664 seconds
Number of updated asset objects reloaded before import = 0Number of asset objects unloaded after import = 9

========================================================================
Received Import Request.
  Time since last request: 0.000380 seconds.
  path: Assets/Kenenny Models/Ken-Graveyard/crypt-large.fbx
  artifactKey: Guid(0c19e03eb5af52e44ac3801f28586c34) Importer(815301076,1909f56bfc062723c751e8b465ee728b)
Start importing Assets/Kenenny Models/Ken-Graveyard/crypt-large.fbx using Guid(0c19e03eb5af52e44ac3801f28586c34) Importer(815301076,1909f56bfc062723c751e8b465ee728b) (PreviewImporter) -> (artifact id: '48c5668090b945d05bea900a719a9956') in 0.0785771 seconds
Number of updated asset objects reloaded before import = 0Number of asset objects unloaded after import = 9

========================================================================
Received Import Request.
  Time since last request: 0.000073 seconds.
  path: Assets/Kenenny Models/Ken-Graveyard/pine-fall-crooked.fbx
  artifactKey: Guid(040f261f5e3772b43bc98c7df75db53a) Importer(815301076,1909f56bfc062723c751e8b465ee728b)
Start importing Assets/Kenenny Models/Ken-Graveyard/pine-fall-crooked.fbx using Guid(040f261f5e3772b43bc98c7df75db53a) Importer(815301076,1909f56bfc062723c751e8b465ee728b) (PreviewImporter) -> (artifact id: 'd7e5c8eff88bad7ae68195e871dff76d') in 0.0681499 seconds
Number of updated asset objects reloaded before import = 0Number of asset objects unloaded after import = 9

========================================================================
Received Import Request.
  Time since last request: 0.000053 seconds.
  path: Assets/FBX format/block-grass-curve-low.fbx
  artifactKey: Guid(d62e847d349b7a14b92e3da6d27b893f) Importer(815301076,1909f56bfc062723c751e8b465ee728b)
Start importing Assets/FBX format/block-grass-curve-low.fbx using Guid(d62e847d349b7a14b92e3da6d27b893f) Importer(815301076,1909f56bfc062723c751e8b465ee728b) (PreviewImporter) -> (artifact id: 'da4eef13cc69291352a8a2d3beee73c8') in 0.0659919 seconds
Number of updated asset objects reloaded before import = 0Number of asset objects unloaded after import = 9

========================================================================
Received Import Request.
  Time since last request: 0.000056 seconds.
  path: Assets/Kenenny Models/Ken-Graveyard/fire-basket.fbx
  artifactKey: Guid(7c8ee2ea5b8cc574ab7b57c5896baaf2) Importer(815301076,1909f56bfc062723c751e8b465ee728b)
Start importing Assets/Kenenny Models/Ken-Graveyard/fire-basket.fbx using Guid(7c8ee2ea5b8cc574ab7b57c5896baaf2) Importer(815301076,1909f56bfc062723c751e8b465ee728b) (PreviewImporter) -> (artifact id: 'eb5b790bfefd6e1112c781fd372c323f') in 0.0654225 seconds
Number of updated asset objects reloaded before import = 0Number of asset objects unloaded after import = 9

========================================================================
Received Import Request.
  Time since last request: 0.000066 seconds.
  path: Assets/FBX format/barrel.fbx
  artifactKey: Guid(37220db0e49a1134a9f4d27539c88a10) Importer(815301076,1909f56bfc062723c751e8b465ee728b)
Start importing Assets/FBX format/barrel.fbx using Guid(37220db0e49a1134a9f4d27539c88a10) Importer(815301076,1909f56bfc062723c751e8b465ee728b) (PreviewImporter) -> (artifact id: '70712e376c7248ed6b46a3039293e387') in 0.0591597 seconds
Number of updated asset objects reloaded before import = 0Number of asset objects unloaded after import = 9

========================================================================
Received Import Request.
  Time since last request: 0.000055 seconds.
  path: Assets/Kenenny Models/Ken-Graveyard/brick-wall-end.fbx
  artifactKey: Guid(c83533a22af2a434ba6f0bb5282ab2a5) Importer(815301076,1909f56bfc062723c751e8b465ee728b)
Start importing Assets/Kenenny Models/Ken-Graveyard/brick-wall-end.fbx using Guid(c83533a22af2a434ba6f0bb5282ab2a5) Importer(815301076,1909f56bfc062723c751e8b465ee728b) (PreviewImporter) -> (artifact id: 'c64e80f0cae2f11abb9dd11974e6e691') in 0.0799746 seconds
Number of updated asset objects reloaded before import = 0Number of asset objects unloaded after import = 9

========================================================================
Received Import Request.
  Time since last request: 0.000063 seconds.
  path: Assets/HQP STUDIOS/Rocks and Terrains Pack - Low Poly/Prefabs/Rocks/Sharp Rocks/Moss Sharp Rocks/Sharp_Moss_Rock_5.prefab
  artifactKey: Guid(bca2d1aa10d1f354084691d61dec2ee2) Importer(815301076,1909f56bfc062723c751e8b465ee728b)
Start importing Assets/HQP STUDIOS/Rocks and Terrains Pack - Low Poly/Prefabs/Rocks/Sharp Rocks/Moss Sharp Rocks/Sharp_Moss_Rock_5.prefab using Guid(bca2d1aa10d1f354084691d61dec2ee2) Importer(815301076,1909f56bfc062723c751e8b465ee728b) (PreviewImporter) -> (artifact id: '91064618e5cbf7e11157a5dc81489736') in 0.0481191 seconds
Number of updated asset objects reloaded before import = 0Number of asset objects unloaded after import = 15

========================================================================
Received Import Request.
  Time since last request: 0.000068 seconds.
  path: Assets/VFX/UnityTechnologies/EffectExamples/Misc Effects/Prefabs/SandSwirlsEffect.prefab
  artifactKey: Guid(14d81e2c407975245973a11cdfbeb902) Importer(815301076,1909f56bfc062723c751e8b465ee728b)
Start importing Assets/VFX/UnityTechnologies/EffectExamples/Misc Effects/Prefabs/SandSwirlsEffect.prefab using Guid(14d81e2c407975245973a11cdfbeb902) Importer(815301076,1909f56bfc062723c751e8b465ee728b) (PreviewImporter) -> (artifact id: 'df5dbc9431f6dc586759ecca12d12039') in 0.115866 seconds
Number of updated asset objects reloaded before import = 0Number of asset objects unloaded after import = 12

========================================================================
Received Import Request.
  Time since last request: 0.000056 seconds.
  path: Assets/FBX format/saw.fbx
  artifactKey: Guid(bd9346eef7ec32447a6ad9fddf6dacb2) Importer(815301076,1909f56bfc062723c751e8b465ee728b)
Start importing Assets/FBX format/saw.fbx using Guid(bd9346eef7ec32447a6ad9fddf6dacb2) Importer(815301076,1909f56bfc062723c751e8b465ee728b) (PreviewImporter) -> (artifact id: '0335953715b52a1ed54b99311d90c48f') in 0.1005915 seconds
Number of updated asset objects reloaded before import = 0Number of asset objects unloaded after import = 14

========================================================================
Received Import Request.
  Time since last request: 0.000076 seconds.
  path: Assets/HQP STUDIOS/Rocks and Terrains Pack - Low Poly/Models/Rocks/Sharp Rocks/Moss Sharp Rocks/Sharp_Moss_Rock_3.fbx
  artifactKey: Guid(9f368cfd04f5e3e4bb8f70237641497a) Importer(815301076,1909f56bfc062723c751e8b465ee728b)
Start importing Assets/HQP STUDIOS/Rocks and Terrains Pack - Low Poly/Models/Rocks/Sharp Rocks/Moss Sharp Rocks/Sharp_Moss_Rock_3.fbx using Guid(9f368cfd04f5e3e4bb8f70237641497a) Importer(815301076,1909f56bfc062723c751e8b465ee728b) (PreviewImporter) -> (artifact id: '57ab40aa385d1ae6cbdfd0feb824375a') in 0.0678892 seconds
Number of updated asset objects reloaded before import = 0Number of asset objects unloaded after import = 9

========================================================================
Received Import Request.
  Time since last request: 0.000050 seconds.
  path: Assets/VFX/UnityTechnologies/EffectExamples/WeaponEffects/Prefabs/RocketTrailEffect.prefab
  artifactKey: Guid(20c0f7e297297fc468f9740f6bb08cb1) Importer(815301076,1909f56bfc062723c751e8b465ee728b)
Start importing Assets/VFX/UnityTechnologies/EffectExamples/WeaponEffects/Prefabs/RocketTrailEffect.prefab using Guid(20c0f7e297297fc468f9740f6bb08cb1) Importer(815301076,1909f56bfc062723c751e8b465ee728b) (PreviewImporter) -> (artifact id: 'f4f7572fe8ed35005c4c79a2dfa5038d') in 13.2227653 seconds
Number of updated asset objects reloaded before import = 0Number of asset objects unloaded after import = 29

========================================================================
Received Import Request.
  Time since last request: 29.198317 seconds.
  path: Assets/FBX format/block-snow-large-slope-steep-narrow.fbx
  artifactKey: Guid(be75897f358785e409e6609097d16a45) Importer(815301076,1909f56bfc062723c751e8b465ee728b)
Start importing Assets/FBX format/block-snow-large-slope-steep-narrow.fbx using Guid(be75897f358785e409e6609097d16a45) Importer(815301076,1909f56bfc062723c751e8b465ee728b) (PreviewImporter) -> (artifact id: '73a766fb0a89b1e10580f95fb93de081') in 0.0680703 seconds
Number of updated asset objects reloaded before import = 0Number of asset objects unloaded after import = 9

========================================================================
Received Import Request.
  Time since last request: 4.553642 seconds.
  path: Assets/FBX format/door-rotate-large.fbx
  artifactKey: Guid(36a7e7c367eadb04a90235a47b05e09f) Importer(815301076,1909f56bfc062723c751e8b465ee728b)
Start importing Assets/FBX format/door-rotate-large.fbx using Guid(36a7e7c367eadb04a90235a47b05e09f) Importer(815301076,1909f56bfc062723c751e8b465ee728b) (PreviewImporter) -> (artifact id: 'ab62f0a65f07de66ee479057321dcdf2') in 0.0790977 seconds
Number of updated asset objects reloaded before import = 0Number of asset objects unloaded after import = 17

========================================================================
Received Import Request.
  Time since last request: 18.257527 seconds.
  path: Assets/Obstacle Pack/Prefabs/obstacle spikewall.prefab
  artifactKey: Guid(8de8ceead497241adbd1c8ea3c2f50d1) Importer(815301076,1909f56bfc062723c751e8b465ee728b)
Start importing Assets/Obstacle Pack/Prefabs/obstacle spikewall.prefab using Guid(8de8ceead497241adbd1c8ea3c2f50d1) Importer(815301076,1909f56bfc062723c751e8b465ee728b) (PreviewImporter) -> (artifact id: 'a6cb9f302209e3461211244ad5cd9ffe') in 2.6500678 seconds
Number of updated asset objects reloaded before import = 0Number of asset objects unloaded after import = 10

========================================================================
Received Import Request.
  Time since last request: 15.340017 seconds.
  path: Assets/MODULAR CASTLE ASSETS/Wooden_Tower.fbx
  artifactKey: Guid(e7e4c23c20410e149a3395421e33d1e2) Importer(815301076,1909f56bfc062723c751e8b465ee728b)
Start importing Assets/MODULAR CASTLE ASSETS/Wooden_Tower.fbx using Guid(e7e4c23c20410e149a3395421e33d1e2) Importer(815301076,1909f56bfc062723c751e8b465ee728b) (PreviewImporter) -> (artifact id: '631198f59213628bfb40cfde51f37a06') in 0.0490527 seconds
Number of updated asset objects reloaded before import = 0Number of asset objects unloaded after import = 9

========================================================================
Received Import Request.
  Time since last request: 5.599284 seconds.
  path: Assets/HQP STUDIOS/Rocks and Terrains Pack - Low Poly/Prefabs/Rocks/Stonehenge Rocks/Moss_Stonehenges/Stonehenge_Moss_Rock_3.prefab
  artifactKey: Guid(6e63755fb4ddf6f46b3a5ace235945b0) Importer(815301076,1909f56bfc062723c751e8b465ee728b)
Start importing Assets/HQP STUDIOS/Rocks and Terrains Pack - Low Poly/Prefabs/Rocks/Stonehenge Rocks/Moss_Stonehenges/Stonehenge_Moss_Rock_3.prefab using Guid(6e63755fb4ddf6f46b3a5ace235945b0) Importer(815301076,1909f56bfc062723c751e8b465ee728b) (PreviewImporter) -> (artifact id: 'c8aeea003a7571c33da70795a1581adb') in 0.0381007 seconds
Number of updated asset objects reloaded before import = 0Number of asset objects unloaded after import = 15

========================================================================
Received Import Request.
  Time since last request: 0.000032 seconds.
  path: Assets/HQP STUDIOS/Rocks and Terrains Pack - Low Poly/Models/Rocks/Stonehenge Rocks/Moss_Stonehenges/Stonehenge_Moss_Rock_6.fbx
  artifactKey: Guid(fdf9a4828fc69134899906c3d4da5102) Importer(815301076,1909f56bfc062723c751e8b465ee728b)
Start importing Assets/HQP STUDIOS/Rocks and Terrains Pack - Low Poly/Models/Rocks/Stonehenge Rocks/Moss_Stonehenges/Stonehenge_Moss_Rock_6.fbx using Guid(fdf9a4828fc69134899906c3d4da5102) Importer(815301076,1909f56bfc062723c751e8b465ee728b) (PreviewImporter) -> (artifact id: 'c969ba1766d85c5214b7801902a6a40b') in 0.0471407 seconds
Number of updated asset objects reloaded before import = 0Number of asset objects unloaded after import = 9

========================================================================
Received Import Request.
  Time since last request: 8.961515 seconds.
  path: Assets/Kenenny Models/Ken-Arena/floor-detail.fbx
  artifactKey: Guid(dd64787bc25f05a41bec753cce4c7652) Importer(815301076,1909f56bfc062723c751e8b465ee728b)
Start importing Assets/Kenenny Models/Ken-Arena/floor-detail.fbx using Guid(dd64787bc25f05a41bec753cce4c7652) Importer(815301076,1909f56bfc062723c751e8b465ee728b) (PreviewImporter) -> (artifact id: '3c943f9666d546493e9a91d8b5a80744') in 0.0660077 seconds
Number of updated asset objects reloaded before import = 0Number of asset objects unloaded after import = 9

========================================================================
Received Import Request.
  Time since last request: 0.000039 seconds.
  path: Assets/Kenenny Models/Ken-Arena/weapon-rack.fbx
  artifactKey: Guid(c415e22710b8cc84fb6e9002f0581f86) Importer(815301076,1909f56bfc062723c751e8b465ee728b)
Start importing Assets/Kenenny Models/Ken-Arena/weapon-rack.fbx using Guid(c415e22710b8cc84fb6e9002f0581f86) Importer(815301076,1909f56bfc062723c751e8b465ee728b) (PreviewImporter) -> (artifact id: '4835f5c06a3f6926c7ce3948918ceabd') in 0.0801463 seconds
Number of updated asset objects reloaded before import = 0Number of asset objects unloaded after import = 14

========================================================================
Received Import Request.
  Time since last request: 29.116879 seconds.
  path: Assets/FBX format/block-snow-corner-overhang-low.fbx
  artifactKey: Guid(5c601cf017eca2c46a41456b677065eb) Importer(815301076,1909f56bfc062723c751e8b465ee728b)
Start importing Assets/FBX format/block-snow-corner-overhang-low.fbx using Guid(5c601cf017eca2c46a41456b677065eb) Importer(815301076,1909f56bfc062723c751e8b465ee728b) (PreviewImporter) -> (artifact id: '5f41e48e9ce9cd98447ad3cd2b9720c6') in 0.0631228 seconds
Number of updated asset objects reloaded before import = 0Number of asset objects unloaded after import = 9

========================================================================
Received Prepare
Begin MonoManager ReloadAssembly
- Loaded All Assemblies, in  2.279 seconds
Refreshing native plugins compatible for Editor in 10.91 ms, found 7 plugins.
Native extension for WindowsStandalone target not found
Native extension for WebGL target not found
[Package Manager] Failed to launch server process. Reason: Unity was launched with the -noUpm command-line argument
[Package Manager] Unable to send message (not connected to server process).
[Package Manager] Cannot connect to Unity Package Manager local server
Mono: successfully reloaded assembly
- Finished resetting the current domain, in  2.619 seconds
Domain Reload Profiling: 4897ms
	BeginReloadAssembly (634ms)
		ExecutionOrderSort (0ms)
		DisableScriptedObjects (38ms)
		BackupInstance (0ms)
		ReleaseScriptingObjects (0ms)
		CreateAndSetChildDomain (132ms)
	RebuildCommonClasses (84ms)
	RebuildNativeTypeToScriptingClass (33ms)
	initialDomainReloadingComplete (61ms)
	LoadAllAssembliesAndSetupDomain (1466ms)
		LoadAssemblies (1169ms)
		RebuildTransferFunctionScriptingTraits (0ms)
		AnalyzeDomain (631ms)
			TypeCache.Refresh (35ms)
				TypeCache.ScanAssembly (0ms)
			BuildScriptInfoCaches (560ms)
			ResolveRequiredComponents (29ms)
	FinalizeReload (2620ms)
		ReleaseScriptCaches (0ms)
		RebuildScriptCaches (0ms)
		SetupLoadedEditorAssemblies (2217ms)
			LogAssemblyErrors (0ms)
			InitializePlatformSupportModulesInManaged (8ms)
			SetLoadedEditorAssemblies (10ms)
			BeforeProcessingInitializeOnLoad (608ms)
			ProcessInitializeOnLoadAttributes (1428ms)
			ProcessInitializeOnLoadMethodAttributes (149ms)
			AfterProcessingInitializeOnLoad (14ms)
			EditorAssembliesLoaded (1ms)
		ExecutionOrderSort2 (0ms)
		AwakeInstancesAfterBackupRestoration (36ms)
WARNING: Shader Unsupported: 'Hidden/Builtin_TerrainVisualization' - All subshaders removed
WARNING: Shader Did you use #pragma only_renderers and omit this platform?
WARNING: Shader If subshaders removal was intentional, you may have forgotten turning Fallback off?
WARNING: Shader Unsupported: 'Hidden/Builtin_TerrainVisualization' - All subshaders removed
WARNING: Shader Did you use #pragma only_renderers and omit this platform?
WARNING: Shader If subshaders removal was intentional, you may have forgotten turning Fallback off?
Refreshing native plugins compatible for Editor in 36.73 ms, found 7 plugins.
Preloading 0 native plugins for Editor in 0.00 ms.
Unloading 37 Unused Serialized files (Serialized files now loaded: 0)
Unloading 6661 unused Assets / (4.7 MB). Loaded Objects now: 7498.
Memory consumption went from 170.9 MB to 166.2 MB.
Total: 31.024500 ms (FindLiveObjects: 1.344900 ms CreateObjectMapping: 2.234800 ms MarkObjects: 21.755800 ms  DeleteObjects: 5.686400 ms)

Prepare: number of updated asset objects reloaded= 0
Editor requested this worker to shutdown with reason: Scaling down because of idle timeout
AssetImportWorker is now disconnected from the server
Process exiting
Exiting without the bug reporter. Application will terminate with return code 0